16:56:17 **** Build of configuration Debug for project ledBlink ****
make -j3 all 
arm-none-eabi-gcc "../Drivers/STM32F4xx_HAL_Driver/Src/stm32f4xx_hal.c" -mcpu=cortex-m4 -std=gnu11 -g3 -DUSE_HAL_DRIVER -DSTM32F411xE -DDEBUG -c -I../Core/Inc -I../Drivers/STM32F4xx_HAL_Driver/Inc -I../Drivers/STM32F4xx_HAL_Driver/Inc/Legacy -I../Drivers/CMSIS/Device/ST/STM32F4xx/Include -I../Drivers/CMSIS/Include -O0 -ffunction-sections -fdata-sections -Wall -fstack-usage -MMD -MP -MF"Drivers/STM32F4xx_HAL_Driver/Src/stm32f4xx_hal.d" -MT"Drivers/STM32F4xx_HAL_Driver/Src/stm32f4xx_hal.o" --specs=nano.specs -mfpu=fpv4-sp-d16 -mfloat-abi=hard -mthumb -o "Drivers/STM32F4xx_HAL_Driver/Src/stm32f4xx_hal.o"
arm-none-eabi-gcc "../Drivers/STM32F4xx_HAL_Driver/Src/stm32f4xx_hal_cortex.c" -mcpu=cortex-m4 -std=gnu11 -g3 -DUSE_HAL_DRIVER -DSTM32F411xE -DDEBUG -c -I../Core/Inc -I../Drivers/STM32F4xx_HAL_Driver/Inc -I../Drivers/STM32F4xx_HAL_Driver/Inc/Legacy -I../Drivers/CMSIS/Device/ST/STM32F4xx/Include -I../Drivers/CMSIS/Include -O0 -ffunction-sections -fdata-sections -Wall -fstack-usage -MMD -MP -MF"Drivers/STM32F4xx_HAL_Driver/Src/stm32f4xx_hal_cortex.d" -MT"Drivers/STM32F4xx_HAL_Driver/Src/stm32f4xx_hal_cortex.o" --specs=nano.specs -mfpu=fpv4-sp-d16 -mfloat-abi=hard -mthumb -o "Drivers/STM32F4xx_HAL_Driver/Src/stm32f4xx_hal_cortex.o"
arm-none-eabi-gcc "../Drivers/STM32F4xx_HAL_Driver/Src/stm32f4xx_hal_dma.c" -mcpu=cortex-m4 -std=gnu11 -g3 -DUSE_HAL_DRIVER -DSTM32F411xE -DDEBUG -c -I../Core/Inc -I../Drivers/STM32F4xx_HAL_Driver/Inc -I../Drivers/STM32F4xx_HAL_Driver/Inc/Legacy -I../Drivers/CMSIS/Device/ST/STM32F4xx/Include -I../Drivers/CMSIS/Include -O0 -ffunction-sections -fdata-sections -Wall -fstack-usage -MMD -MP -MF"Drivers/STM32F4xx_HAL_Driver/Src/stm32f4xx_hal_dma.d" -MT"Drivers/STM32F4xx_HAL_Driver/Src/stm32f4xx_hal_dma.o" --specs=nano.specs -mfpu=fpv4-sp-d16 -mfloat-abi=hard -mthumb -o "Drivers/STM32F4xx_HAL_Driver/Src/stm32f4xx_hal_dma.o"
arm-none-eabi-gcc "../Drivers/STM32F4xx_HAL_Driver/Src/stm32f4xx_hal_dma_ex.c" -mcpu=cortex-m4 -std=gnu11 -g3 -DUSE_HAL_DRIVER -DSTM32F411xE -DDEBUG -c -I../Core/Inc -I../Drivers/STM32F4xx_HAL_Driver/Inc -I../Drivers/STM32F4xx_HAL_Driver/Inc/Legacy -I../Drivers/CMSIS/Device/ST/STM32F4xx/Include -I../Drivers/CMSIS/Include -O0 -ffunction-sections -fdata-sections -Wall -fstack-usage -MMD -MP -MF"Drivers/STM32F4xx_HAL_Driver/Src/stm32f4xx_hal_dma_ex.d" -MT"Drivers/STM32F4xx_HAL_Driver/Src/stm32f4xx_hal_dma_ex.o" --specs=nano.specs -mfpu=fpv4-sp-d16 -mfloat-abi=hard -mthumb -o "Drivers/STM32F4xx_HAL_Driver/Src/stm32f4xx_hal_dma_ex.o"
arm-none-eabi-gcc "../Drivers/STM32F4xx_HAL_Driver/Src/stm32f4xx_hal_exti.c" -mcpu=cortex-m4 -std=gnu11 -g3 -DUSE_HAL_DRIVER -DSTM32F411xE -DDEBUG -c -I../Core/Inc -I../Drivers/STM32F4xx_HAL_Driver/Inc -I../Drivers/STM32F4xx_HAL_Driver/Inc/Legacy -I../Drivers/CMSIS/Device/ST/STM32F4xx/Include -I../Drivers/CMSIS/Include -O0 -ffunction-sections -fdata-sections -Wall -fstack-usage -MMD -MP -MF"Drivers/STM32F4xx_HAL_Driver/Src/stm32f4xx_hal_exti.d" -MT"Drivers/STM32F4xx_HAL_Driver/Src/stm32f4xx_hal_exti.o" --specs=nano.specs -mfpu=fpv4-sp-d16 -mfloat-abi=hard -mthumb -o "Drivers/STM32F4xx_HAL_Driver/Src/stm32f4xx_hal_exti.o"
arm-none-eabi-gcc "../Drivers/STM32F4xx_HAL_Driver/Src/stm32f4xx_hal_flash.c" -mcpu=cortex-m4 -std=gnu11 -g3 -DUSE_HAL_DRIVER -DSTM32F411xE -DDEBUG -c -I../Core/Inc -I../Drivers/STM32F4xx_HAL_Driver/Inc -I../Drivers/STM32F4xx_HAL_Driver/Inc/Legacy -I../Drivers/CMSIS/Device/ST/STM32F4xx/Include -I../Drivers/CMSIS/Include -O0 -ffunction-sections -fdata-sections -Wall -fstack-usage -MMD -MP -MF"Drivers/STM32F4xx_HAL_Driver/Src/stm32f4xx_hal_flash.d" -MT"Drivers/STM32F4xx_HAL_Driver/Src/stm32f4xx_hal_flash.o" --specs=nano.specs -mfpu=fpv4-sp-d16 -mfloat-abi=hard -mthumb -o "Drivers/STM32F4xx_HAL_Driver/Src/stm32f4xx_hal_flash.o"
arm-none-eabi-gcc "../Drivers/STM32F4xx_HAL_Driver/Src/stm32f4xx_hal_flash_ex.c" -mcpu=cortex-m4 -std=gnu11 -g3 -DUSE_HAL_DRIVER -DSTM32F411xE -DDEBUG -c -I../Core/Inc -I../Drivers/STM32F4xx_HAL_Driver/Inc -I../Drivers/STM32F4xx_HAL_Driver/Inc/Legacy -I../Drivers/CMSIS/Device/ST/STM32F4xx/Include -I../Drivers/CMSIS/Include -O0 -ffunction-sections -fdata-sections -Wall -fstack-usage -MMD -MP -MF"Drivers/STM32F4xx_HAL_Driver/Src/stm32f4xx_hal_flash_ex.d" -MT"Drivers/STM32F4xx_HAL_Driver/Src/stm32f4xx_hal_flash_ex.o" --specs=nano.specs -mfpu=fpv4-sp-d16 -mfloat-abi=hard -mthumb -o "Drivers/STM32F4xx_HAL_Driver/Src/stm32f4xx_hal_flash_ex.o"
arm-none-eabi-gcc "../Drivers/STM32F4xx_HAL_Driver/Src/stm32f4xx_hal_flash_ramfunc.c" -mcpu=cortex-m4 -std=gnu11 -g3 -DUSE_HAL_DRIVER -DSTM32F411xE -DDEBUG -c -I../Core/Inc -I../Drivers/STM32F4xx_HAL_Driver/Inc -I../Drivers/STM32F4xx_HAL_Driver/Inc/Legacy -I../Drivers/CMSIS/Device/ST/STM32F4xx/Include -I../Drivers/CMSIS/Include -O0 -ffunction-sections -fdata-sections -Wall -fstack-usage -MMD -MP -MF"Drivers/STM32F4xx_HAL_Driver/Src/stm32f4xx_hal_flash_ramfunc.d" -MT"Drivers/STM32F4xx_HAL_Driver/Src/stm32f4xx_hal_flash_ramfunc.o" --specs=nano.specs -mfpu=fpv4-sp-d16 -mfloat-abi=hard -mthumb -o "Drivers/STM32F4xx_HAL_Driver/Src/stm32f4xx_hal_flash_ramfunc.o"
arm-none-eabi-gcc "../Drivers/STM32F4xx_HAL_Driver/Src/stm32f4xx_hal_gpio.c" -mcpu=cortex-m4 -std=gnu11 -g3 -DUSE_HAL_DRIVER -DSTM32F411xE -DDEBUG -c -I../Core/Inc -I../Drivers/STM32F4xx_HAL_Driver/Inc -I../Drivers/STM32F4xx_HAL_Driver/Inc/Legacy -I../Drivers/CMSIS/Device/ST/STM32F4xx/Include -I../Drivers/CMSIS/Include -O0 -ffunction-sections -fdata-sections -Wall -fstack-usage -MMD -MP -MF"Drivers/STM32F4xx_HAL_Driver/Src/stm32f4xx_hal_gpio.d" -MT"Drivers/STM32F4xx_HAL_Driver/Src/stm32f4xx_hal_gpio.o" --specs=nano.specs -mfpu=fpv4-sp-d16 -mfloat-abi=hard -mthumb -o "Drivers/STM32F4xx_HAL_Driver/Src/stm32f4xx_hal_gpio.o"
arm-none-eabi-gcc "../Drivers/STM32F4xx_HAL_Driver/Src/stm32f4xx_hal_pwr.c" -mcpu=cortex-m4 -std=gnu11 -g3 -DUSE_HAL_DRIVER -DSTM32F411xE -DDEBUG -c -I../Core/Inc -I../Drivers/STM32F4xx_HAL_Driver/Inc -I../Drivers/STM32F4xx_HAL_Driver/Inc/Legacy -I../Drivers/CMSIS/Device/ST/STM32F4xx/Include -I../Drivers/CMSIS/Include -O0 -ffunction-sections -fdata-sections -Wall -fstack-usage -MMD -MP -MF"Drivers/STM32F4xx_HAL_Driver/Src/stm32f4xx_hal_pwr.d" -MT"Drivers/STM32F4xx_HAL_Driver/Src/stm32f4xx_hal_pwr.o" --specs=nano.specs -mfpu=fpv4-sp-d16 -mfloat-abi=hard -mthumb -o "Drivers/STM32F4xx_HAL_Driver/Src/stm32f4xx_hal_pwr.o"
arm-none-eabi-gcc "../Drivers/STM32F4xx_HAL_Driver/Src/stm32f4xx_hal_pwr_ex.c" -mcpu=cortex-m4 -std=gnu11 -g3 -DUSE_HAL_DRIVER -DSTM32F411xE -DDEBUG -c -I../Core/Inc -I../Drivers/STM32F4xx_HAL_Driver/Inc -I../Drivers/STM32F4xx_HAL_Driver/Inc/Legacy -I../Drivers/CMSIS/Device/ST/STM32F4xx/Include -I../Drivers/CMSIS/Include -O0 -ffunction-sections -fdata-sections -Wall -fstack-usage -MMD -MP -MF"Drivers/STM32F4xx_HAL_Driver/Src/stm32f4xx_hal_pwr_ex.d" -MT"Drivers/STM32F4xx_HAL_Driver/Src/stm32f4xx_hal_pwr_ex.o" --specs=nano.specs -mfpu=fpv4-sp-d16 -mfloat-abi=hard -mthumb -o "Drivers/STM32F4xx_HAL_Driver/Src/stm32f4xx_hal_pwr_ex.o"
arm-none-eabi-gcc "../Drivers/STM32F4xx_HAL_Driver/Src/stm32f4xx_hal_rcc.c" -mcpu=cortex-m4 -std=gnu11 -g3 -DUSE_HAL_DRIVER -DSTM32F411xE -DDEBUG -c -I../Core/Inc -I../Drivers/STM32F4xx_HAL_Driver/Inc -I../Drivers/STM32F4xx_HAL_Driver/Inc/Legacy -I../Drivers/CMSIS/Device/ST/STM32F4xx/Include -I../Drivers/CMSIS/Include -O0 -ffunction-sections -fdata-sections -Wall -fstack-usage -MMD -MP -MF"Drivers/STM32F4xx_HAL_Driver/Src/stm32f4xx_hal_rcc.d" -MT"Drivers/STM32F4xx_HAL_Driver/Src/stm32f4xx_hal_rcc.o" --specs=nano.specs -mfpu=fpv4-sp-d16 -mfloat-abi=hard -mthumb -o "Drivers/STM32F4xx_HAL_Driver/Src/stm32f4xx_hal_rcc.o"
arm-none-eabi-gcc "../Drivers/STM32F4xx_HAL_Driver/Src/stm32f4xx_hal_rcc_ex.c" -mcpu=cortex-m4 -std=gnu11 -g3 -DUSE_HAL_DRIVER -DSTM32F411xE -DDEBUG -c -I../Core/Inc -I../Drivers/STM32F4xx_HAL_Driver/Inc -I../Drivers/STM32F4xx_HAL_Driver/Inc/Legacy -I../Drivers/CMSIS/Device/ST/STM32F4xx/Include -I../Drivers/CMSIS/Include -O0 -ffunction-sections -fdata-sections -Wall -fstack-usage -MMD -MP -MF"Drivers/STM32F4xx_HAL_Driver/Src/stm32f4xx_hal_rcc_ex.d" -MT"Drivers/STM32F4xx_HAL_Driver/Src/stm32f4xx_hal_rcc_ex.o" --specs=nano.specs -mfpu=fpv4-sp-d16 -mfloat-abi=hard -mthumb -o "Drivers/STM32F4xx_HAL_Driver/Src/stm32f4xx_hal_rcc_ex.o"
arm-none-eabi-gcc "../Drivers/STM32F4xx_HAL_Driver/Src/stm32f4xx_hal_tim.c" -mcpu=cortex-m4 -std=gnu11 -g3 -DUSE_HAL_DRIVER -DSTM32F411xE -DDEBUG -c -I../Core/Inc -I../Drivers/STM32F4xx_HAL_Driver/Inc -I../Drivers/STM32F4xx_HAL_Driver/Inc/Legacy -I../Drivers/CMSIS/Device/ST/STM32F4xx/Include -I../Drivers/CMSIS/Include -O0 -ffunction-sections -fdata-sections -Wall -fstack-usage -MMD -MP -MF"Drivers/STM32F4xx_HAL_Driver/Src/stm32f4xx_hal_tim.d" -MT"Drivers/STM32F4xx_HAL_Driver/Src/stm32f4xx_hal_tim.o" --specs=nano.specs -mfpu=fpv4-sp-d16 -mfloat-abi=hard -mthumb -o "Drivers/STM32F4xx_HAL_Driver/Src/stm32f4xx_hal_tim.o"
arm-none-eabi-gcc "../Drivers/STM32F4xx_HAL_Driver/Src/stm32f4xx_hal_tim_ex.c" -mcpu=cortex-m4 -std=gnu11 -g3 -DUSE_HAL_DRIVER -DSTM32F411xE -DDEBUG -c -I../Core/Inc -I../Drivers/STM32F4xx_HAL_Driver/Inc -I../Drivers/STM32F4xx_HAL_Driver/Inc/Legacy -I../Drivers/CMSIS/Device/ST/STM32F4xx/Include -I../Drivers/CMSIS/Include -O0 -ffunction-sections -fdata-sections -Wall -fstack-usage -MMD -MP -MF"Drivers/STM32F4xx_HAL_Driver/Src/stm32f4xx_hal_tim_ex.d" -MT"Drivers/STM32F4xx_HAL_Driver/Src/stm32f4xx_hal_tim_ex.o" --specs=nano.specs -mfpu=fpv4-sp-d16 -mfloat-abi=hard -mthumb -o "Drivers/STM32F4xx_HAL_Driver/Src/stm32f4xx_hal_tim_ex.o"
arm-none-eabi-gcc -mcpu=cortex-m4 -g3 -c -x assembler-with-cpp -MMD -MP -MF"Core/Startup/startup_stm32f411vetx.d" -MT"Core/Startup/startup_stm32f411vetx.o" --specs=nano.specs -mfpu=fpv4-sp-d16 -mfloat-abi=hard -mthumb -o "Core/Startup/startup_stm32f411vetx.o" "../Core/Startup/startup_stm32f411vetx.s"
arm-none-eabi-gcc "../Core/Src/main.c" -mcpu=cortex-m4 -std=gnu11 -g3 -DUSE_HAL_DRIVER -DSTM32F411xE -DDEBUG -c -I../Core/Inc -I../Drivers/STM32F4xx_HAL_Driver/Inc -I../Drivers/STM32F4xx_HAL_Driver/Inc/Legacy -I../Drivers/CMSIS/Device/ST/STM32F4xx/Include -I../Drivers/CMSIS/Include -O0 -ffunction-sections -fdata-sections -Wall -fstack-usage -MMD -MP -MF"Core/Src/main.d" -MT"Core/Src/main.o" --specs=nano.specs -mfpu=fpv4-sp-d16 -mfloat-abi=hard -mthumb -o "Core/Src/main.o"
arm-none-eabi-gcc "../Core/Src/stm32f4xx_hal_msp.c" -mcpu=cortex-m4 -std=gnu11 -g3 -DUSE_HAL_DRIVER -DSTM32F411xE -DDEBUG -c -I../Core/Inc -I../Drivers/STM32F4xx_HAL_Driver/Inc -I../Drivers/STM32F4xx_HAL_Driver/Inc/Legacy -I../Drivers/CMSIS/Device/ST/STM32F4xx/Include -I../Drivers/CMSIS/Include -O0 -ffunction-sections -fdata-sections -Wall -fstack-usage -MMD -MP -MF"Core/Src/stm32f4xx_hal_msp.d" -MT"Core/Src/stm32f4xx_hal_msp.o" --specs=nano.specs -mfpu=fpv4-sp-d16 -mfloat-abi=hard -mthumb -o "Core/Src/stm32f4xx_hal_msp.o"
../Core/Src/main.c: In function 'main':
../Core/Src/main.c:72:3: warning: implicit declaration of function 'HAL_DELAY' [-Wimplicit-function-declaration]
   72 |   HAL_DELAY(1000);
      |   ^~~~~~~~~
arm-none-eabi-gcc "../Core/Src/stm32f4xx_it.c" -mcpu=cortex-m4 -std=gnu11 -g3 -DUSE_HAL_DRIVER -DSTM32F411xE -DDEBUG -c -I../Core/Inc -I../Drivers/STM32F4xx_HAL_Driver/Inc -I../Drivers/STM32F4xx_HAL_Driver/Inc/Legacy -I../Drivers/CMSIS/Device/ST/STM32F4xx/Include -I../Drivers/CMSIS/Include -O0 -ffunction-sections -fdata-sections -Wall -fstack-usage -MMD -MP -MF"Core/Src/stm32f4xx_it.d" -MT"Core/Src/stm32f4xx_it.o" --specs=nano.specs -mfpu=fpv4-sp-d16 -mfloat-abi=hard -mthumb -o "Core/Src/stm32f4xx_it.o"
arm-none-eabi-gcc "../Core/Src/syscalls.c" -mcpu=cortex-m4 -std=gnu11 -g3 -DUSE_HAL_DRIVER -DSTM32F411xE -DDEBUG -c -I../Core/Inc -I../Drivers/STM32F4xx_HAL_Driver/Inc -I../Drivers/STM32F4xx_HAL_Driver/Inc/Legacy -I../Drivers/CMSIS/Device/ST/STM32F4xx/Include -I../Drivers/CMSIS/Include -O0 -ffunction-sections -fdata-sections -Wall -fstack-usage -MMD -MP -MF"Core/Src/syscalls.d" -MT"Core/Src/syscalls.o" --specs=nano.specs -mfpu=fpv4-sp-d16 -mfloat-abi=hard -mthumb -o "Core/Src/syscalls.o"
arm-none-eabi-gcc "../Core/Src/sysmem.c" -mcpu=cortex-m4 -std=gnu11 -g3 -DUSE_HAL_DRIVER -DSTM32F411xE -DDEBUG -c -I../Core/Inc -I../Drivers/STM32F4xx_HAL_Driver/Inc -I../Drivers/STM32F4xx_HAL_Driver/Inc/Legacy -I../Drivers/CMSIS/Device/ST/STM32F4xx/Include -I../Drivers/CMSIS/Include -O0 -ffunction-sections -fdata-sections -Wall -fstack-usage -MMD -MP -MF"Core/Src/sysmem.d" -MT"Core/Src/sysmem.o" --specs=nano.specs -mfpu=fpv4-sp-d16 -mfloat-abi=hard -mthumb -o "Core/Src/sysmem.o"
arm-none-eabi-gcc "../Core/Src/system_stm32f4xx.c" -mcpu=cortex-m4 -std=gnu11 -g3 -DUSE_HAL_DRIVER -DSTM32F411xE -DDEBUG -c -I../Core/Inc -I../Drivers/STM32F4xx_HAL_Driver/Inc -I../Drivers/STM32F4xx_HAL_Driver/Inc/Legacy -I../Drivers/CMSIS/Device/ST/STM32F4xx/Include -I../Drivers/CMSIS/Include -O0 -ffunction-sections -fdata-sections -Wall -fstack-usage -MMD -MP -MF"Core/Src/system_stm32f4xx.d" -MT"Core/Src/system_stm32f4xx.o" --specs=nano.specs -mfpu=fpv4-sp-d16 -mfloat-abi=hard -mthumb -o "Core/Src/system_stm32f4xx.o"
arm-none-eabi-gcc -o "ledBlink.elf" @"objects.list"   -mcpu=cortex-m4 -T"/Users/202286/Documents/hersey/stm32f411/ledBlink/STM32F411VETX_FLASH.ld" --specs=nosys.specs -Wl,-Map="ledBlink.map" -Wl,--gc-sections -static --specs=nano.specs -mfpu=fpv4-sp-d16 -mfloat-abi=hard -mthumb -Wl,--start-group -lc -lm -Wl,--end-group
/Applications/STM32CubeIDE.app/Contents/Eclipse/plugins/com.st.stm32cube.ide.mcu.externaltools.gnu-tools-for-stm32.9-2020-q2-update.macos64_1.5.0.202011040924/tools/bin/../lib/gcc/arm-none-eabi/9.3.1/../../../../arm-none-eabi/bin/ld: Core/Src/stm32f4xx_hal_msp.o: in function `HAL_MspInit':
/Users/202286/Documents/hersey/stm32f411/ledBlink/Debug/../Core/Src/stm32f4xx_hal_msp.c:65: multiple definition of `HAL_MspInit'; Core/Src/main.o:/Users/202286/Documents/hersey/stm32f411/ledBlink/Debug/../Core/Src/stm32f4xx_hal_msp.c:65: first defined here
/Applications/STM32CubeIDE.app/Contents/Eclipse/plugins/com.st.stm32cube.ide.mcu.externaltools.gnu-tools-for-stm32.9-2020-q2-update.macos64_1.5.0.202011040924/tools/bin/../lib/gcc/arm-none-eabi/9.3.1/../../../../arm-none-eabi/bin/ld: Core/Src/main.o: in function `main':
/Users/202286/Documents/hersey/stm32f411/ledBlink/Debug/../Core/Src/main.c:72: undefined reference to `HAL_DELAY'
collect2: error: ld returned 1 exit status
make: *** [makefile:65: ledBlink.elf] Error 1
"make -j3 all" terminated with exit code 2. Build might be incomplete.
16:56:58 **** Incremental Build of configuration Debug for project ledBlink ****
make -j3 all 
arm-none-eabi-gcc -o "ledBlink.elf" @"objects.list"   -mcpu=cortex-m4 -T"/Users/202286/Documents/hersey/stm32f411/ledBlink/STM32F411VETX_FLASH.ld" --specs=nosys.specs -Wl,-Map="ledBlink.map" -Wl,--gc-sections -static --specs=nano.specs -mfpu=fpv4-sp-d16 -mfloat-abi=hard -mthumb -Wl,--start-group -lc -lm -Wl,--end-group
/Applications/STM32CubeIDE.app/Contents/Eclipse/plugins/com.st.stm32cube.ide.mcu.externaltools.gnu-tools-for-stm32.9-2020-q2-update.macos64_1.5.0.202011040924/tools/bin/../lib/gcc/arm-none-eabi/9.3.1/../../../../arm-none-eabi/bin/ld: Core/Src/stm32f4xx_hal_msp.o: in function `HAL_MspInit':
/Users/202286/Documents/hersey/stm32f411/ledBlink/Debug/../Core/Src/stm32f4xx_hal_msp.c:65: multiple definition of `HAL_MspInit'; Core/Src/main.o:/Users/202286/Documents/hersey/stm32f411/ledBlink/Debug/../Core/Src/stm32f4xx_hal_msp.c:65: first defined here
/Applications/STM32CubeIDE.app/Contents/Eclipse/plugins/com.st.stm32cube.ide.mcu.externaltools.gnu-tools-for-stm32.9-2020-q2-update.macos64_1.5.0.202011040924/tools/bin/../lib/gcc/arm-none-eabi/9.3.1/../../../../arm-none-eabi/bin/ld: Core/Src/main.o: in function `main':
/Users/202286/Documents/hersey/stm32f411/ledBlink/Debug/../Core/Src/main.c:72: undefined reference to `HAL_DELAY'
collect2: error: ld returned 1 exit status
make: *** [makefile:65: ledBlink.elf] Error 1
"make -j3 all" terminated with exit code 2. Build might be incomplete.
16:57:17 **** Incremental Build of configuration Debug for project ledBlink ****
make -j3 all 
arm-none-eabi-gcc "../Core/Src/main.c" -mcpu=cortex-m4 -std=gnu11 -g3 -DUSE_HAL_DRIVER -DSTM32F411xE -DDEBUG -c -I../Core/Inc -I../Drivers/STM32F4xx_HAL_Driver/Inc -I../Drivers/STM32F4xx_HAL_Driver/Inc/Legacy -I../Drivers/CMSIS/Device/ST/STM32F4xx/Include -I../Drivers/CMSIS/Include -O0 -ffunction-sections -fdata-sections -Wall -fstack-usage -MMD -MP -MF"Core/Src/main.d" -MT"Core/Src/main.o" --specs=nano.specs -mfpu=fpv4-sp-d16 -mfloat-abi=hard -mthumb -o "Core/Src/main.o"
arm-none-eabi-gcc -o "ledBlink.elf" @"objects.list"   -mcpu=cortex-m4 -T"/Users/202286/Documents/hersey/stm32f411/ledBlink/STM32F411VETX_FLASH.ld" --specs=nosys.specs -Wl,-Map="ledBlink.map" -Wl,--gc-sections -static --specs=nano.specs -mfpu=fpv4-sp-d16 -mfloat-abi=hard -mthumb -Wl,--start-group -lc -lm -Wl,--end-group
/Applications/STM32CubeIDE.app/Contents/Eclipse/plugins/com.st.stm32cube.ide.mcu.externaltools.gnu-tools-for-stm32.9-2020-q2-update.macos64_1.5.0.202011040924/tools/bin/../lib/gcc/arm-none-eabi/9.3.1/../../../../arm-none-eabi/bin/ld: Core/Src/stm32f4xx_hal_msp.o: in function `HAL_MspInit':
/Users/202286/Documents/hersey/stm32f411/ledBlink/Debug/../Core/Src/stm32f4xx_hal_msp.c:65: multiple definition of `HAL_MspInit'; Core/Src/main.o:/Users/202286/Documents/hersey/stm32f411/ledBlink/Debug/../Core/Src/stm32f4xx_hal_msp.c:65: first defined here
collect2: error: ld returned 1 exit status
make: *** [makefile:65: ledBlink.elf] Error 1
"make -j3 all" terminated with exit code 2. Build might be incomplete.
16:57:59 **** Incremental Build of configuration Debug for project ledBlink ****
make -j3 all 
arm-none-eabi-gcc "../Core/Src/main.c" -mcpu=cortex-m4 -std=gnu11 -g3 -DUSE_HAL_DRIVER -DSTM32F411xE -DDEBUG -c -I../Core/Inc -I../Drivers/STM32F4xx_HAL_Driver/Inc -I../Drivers/STM32F4xx_HAL_Driver/Inc/Legacy -I../Drivers/CMSIS/Device/ST/STM32F4xx/Include -I../Drivers/CMSIS/Include -O0 -ffunction-sections -fdata-sections -Wall -fstack-usage -MMD -MP -MF"Core/Src/main.d" -MT"Core/Src/main.o" --specs=nano.specs -mfpu=fpv4-sp-d16 -mfloat-abi=hard -mthumb -o "Core/Src/main.o"
arm-none-eabi-gcc -o "ledBlink.elf" @"objects.list"   -mcpu=cortex-m4 -T"/Users/202286/Documents/hersey/stm32f411/ledBlink/STM32F411VETX_FLASH.ld" --specs=nosys.specs -Wl,-Map="ledBlink.map" -Wl,--gc-sections -static --specs=nano.specs -mfpu=fpv4-sp-d16 -mfloat-abi=hard -mthumb -Wl,--start-group -lc -lm -Wl,--end-group
/Applications/STM32CubeIDE.app/Contents/Eclipse/plugins/com.st.stm32cube.ide.mcu.externaltools.gnu-tools-for-stm32.9-2020-q2-update.macos64_1.5.0.202011040924/tools/bin/../lib/gcc/arm-none-eabi/9.3.1/../../../../arm-none-eabi/bin/ld: Core/Src/stm32f4xx_hal_msp.o: in function `HAL_MspInit':
/Users/202286/Documents/hersey/stm32f411/ledBlink/Debug/../Core/Src/stm32f4xx_hal_msp.c:65: multiple definition of `HAL_MspInit'; Core/Src/main.o:/Users/202286/Documents/hersey/stm32f411/ledBlink/Debug/../Core/Src/stm32f4xx_hal_msp.c:65: first defined here
collect2: error: ld returned 1 exit status
make: *** [makefile:65: ledBlink.elf] Error 1
"make -j3 all" terminated with exit code 2. Build might be incomplete.
17:03:35 **** Incremental Build of configuration Debug for project ledBlink ****
make -j3 all 
arm-none-eabi-gcc "../Core/Src/main.c" -mcpu=cortex-m4 -std=gnu11 -g3 -DUSE_HAL_DRIVER -DSTM32F411xE -DDEBUG -c -I../Core/Inc -I../Drivers/STM32F4xx_HAL_Driver/Inc -I../Drivers/STM32F4xx_HAL_Driver/Inc/Legacy -I../Drivers/CMSIS/Device/ST/STM32F4xx/Include -I../Drivers/CMSIS/Include -O0 -ffunction-sections -fdata-sections -Wall -fstack-usage -MMD -MP -MF"Core/Src/main.d" -MT"Core/Src/main.o" --specs=nano.specs -mfpu=fpv4-sp-d16 -mfloat-abi=hard -mthumb -o "Core/Src/main.o"
../Core/Src/main.c: In function 'main':
../Core/Src/main.c:66:2: warning: statement with no effect [-Wunused-value]
   66 |  HAL_Init;
      |  ^~~~~~~~
arm-none-eabi-gcc -o "ledBlink.elf" @"objects.list"   -mcpu=cortex-m4 -T"/Users/202286/Documents/hersey/stm32f411/ledBlink/STM32F411VETX_FLASH.ld" --specs=nosys.specs -Wl,-Map="ledBlink.map" -Wl,--gc-sections -static --specs=nano.specs -mfpu=fpv4-sp-d16 -mfloat-abi=hard -mthumb -Wl,--start-group -lc -lm -Wl,--end-group
/Applications/STM32CubeIDE.app/Contents/Eclipse/plugins/com.st.stm32cube.ide.mcu.externaltools.gnu-tools-for-stm32.9-2020-q2-update.macos64_1.5.0.202011040924/tools/bin/../lib/gcc/arm-none-eabi/9.3.1/../../../../arm-none-eabi/bin/ld: Core/Src/stm32f4xx_hal_msp.o: in function `HAL_MspInit':
/Users/202286/Documents/hersey/stm32f411/ledBlink/Debug/../Core/Src/stm32f4xx_hal_msp.c:65: multiple definition of `HAL_MspInit'; Core/Src/main.o:/Users/202286/Documents/hersey/stm32f411/ledBlink/Debug/../Core/Src/stm32f4xx_hal_msp.c:65: first defined here
collect2: error: ld returned 1 exit status
make: *** [makefile:65: ledBlink.elf] Error 1
"make -j3 all" terminated with exit code 2. Build might be incomplete.
17:03:51 **** Incremental Build of configuration Debug for project ledBlink ****
make -j3 all 
arm-none-eabi-gcc "../Core/Src/main.c" -mcpu=cortex-m4 -std=gnu11 -g3 -DUSE_HAL_DRIVER -DSTM32F411xE -DDEBUG -c -I../Core/Inc -I../Drivers/STM32F4xx_HAL_Driver/Inc -I../Drivers/STM32F4xx_HAL_Driver/Inc/Legacy -I../Drivers/CMSIS/Device/ST/STM32F4xx/Include -I../Drivers/CMSIS/Include -O0 -ffunction-sections -fdata-sections -Wall -fstack-usage -MMD -MP -MF"Core/Src/main.d" -MT"Core/Src/main.o" --specs=nano.specs -mfpu=fpv4-sp-d16 -mfloat-abi=hard -mthumb -o "Core/Src/main.o"
arm-none-eabi-gcc -o "ledBlink.elf" @"objects.list"   -mcpu=cortex-m4 -T"/Users/202286/Documents/hersey/stm32f411/ledBlink/STM32F411VETX_FLASH.ld" --specs=nosys.specs -Wl,-Map="ledBlink.map" -Wl,--gc-sections -static --specs=nano.specs -mfpu=fpv4-sp-d16 -mfloat-abi=hard -mthumb -Wl,--start-group -lc -lm -Wl,--end-group
/Applications/STM32CubeIDE.app/Contents/Eclipse/plugins/com.st.stm32cube.ide.mcu.externaltools.gnu-tools-for-stm32.9-2020-q2-update.macos64_1.5.0.202011040924/tools/bin/../lib/gcc/arm-none-eabi/9.3.1/../../../../arm-none-eabi/bin/ld: Core/Src/stm32f4xx_hal_msp.o: in function `HAL_MspInit':
/Users/202286/Documents/hersey/stm32f411/ledBlink/Debug/../Core/Src/stm32f4xx_hal_msp.c:65: multiple definition of `HAL_MspInit'; Core/Src/main.o:/Users/202286/Documents/hersey/stm32f411/ledBlink/Debug/../Core/Src/stm32f4xx_hal_msp.c:65: first defined here
collect2: error: ld returned 1 exit status
make: *** [makefile:65: ledBlink.elf] Error 1
"make -j3 all" terminated with exit code 2. Build might be incomplete.
17:06:42 **** Incremental Build of configuration Debug for project ledBlink ****
make -j3 all 
arm-none-eabi-gcc "../Core/Src/main.c" -mcpu=cortex-m4 -std=gnu11 -g3 -DUSE_HAL_DRIVER -DSTM32F411xE -DDEBUG -c -I../Core/Inc -I../Drivers/STM32F4xx_HAL_Driver/Inc -I../Drivers/STM32F4xx_HAL_Driver/Inc/Legacy -I../Drivers/CMSIS/Device/ST/STM32F4xx/Include -I../Drivers/CMSIS/Include -O0 -ffunction-sections -fdata-sections -Wall -fstack-usage -MMD -MP -MF"Core/Src/main.d" -MT"Core/Src/main.o" --specs=nano.specs -mfpu=fpv4-sp-d16 -mfloat-abi=hard -mthumb -o "Core/Src/main.o"
arm-none-eabi-gcc -o "ledBlink.elf" @"objects.list"   -mcpu=cortex-m4 -T"/Users/202286/Documents/hersey/stm32f411/ledBlink/STM32F411VETX_FLASH.ld" --specs=nosys.specs -Wl,-Map="ledBlink.map" -Wl,--gc-sections -static --specs=nano.specs -mfpu=fpv4-sp-d16 -mfloat-abi=hard -mthumb -Wl,--start-group -lc -lm -Wl,--end-group
Finished building target: ledBlink.elf
 
arm-none-eabi-size   ledBlink.elf 
arm-none-eabi-objdump -h -S  ledBlink.elf  > "ledBlink.list"
arm-none-eabi-objcopy  -O binary  ledBlink.elf  "ledBlink.bin"
   text	   data	    bss	    dec	    hex	filename
   5728	     20	   1572	   7320	   1c98	ledBlink.elf
Finished building: default.size.stdout
 
Finished building: ledBlink.bin
 
Finished building: ledBlink.list
 
17:07:12 **** Incremental Build of configuration Debug for project ledBlink ****
make -j3 all 
arm-none-eabi-gcc "../Core/Src/main.c" -mcpu=cortex-m4 -std=gnu11 -g3 -DUSE_HAL_DRIVER -DSTM32F411xE -DDEBUG -c -I../Core/Inc -I../Drivers/STM32F4xx_HAL_Driver/Inc -I../Drivers/STM32F4xx_HAL_Driver/Inc/Legacy -I../Drivers/CMSIS/Device/ST/STM32F4xx/Include -I../Drivers/CMSIS/Include -O0 -ffunction-sections -fdata-sections -Wall -fstack-usage -MMD -MP -MF"Core/Src/main.d" -MT"Core/Src/main.o" --specs=nano.specs -mfpu=fpv4-sp-d16 -mfloat-abi=hard -mthumb -o "Core/Src/main.o"
arm-none-eabi-gcc "../Core/Src/stm32f4xx_hal_msp.c" -mcpu=cortex-m4 -std=gnu11 -g3 -DUSE_HAL_DRIVER -DSTM32F411xE -DDEBUG -c -I../Core/Inc -I../Drivers/STM32F4xx_HAL_Driver/Inc -I../Drivers/STM32F4xx_HAL_Driver/Inc/Legacy -I../Drivers/CMSIS/Device/ST/STM32F4xx/Include -I../Drivers/CMSIS/Include -O0 -ffunction-sections -fdata-sections -Wall -fstack-usage -MMD -MP -MF"Core/Src/stm32f4xx_hal_msp.d" -MT"Core/Src/stm32f4xx_hal_msp.o" --specs=nano.specs -mfpu=fpv4-sp-d16 -mfloat-abi=hard -mthumb -o "Core/Src/stm32f4xx_hal_msp.o"
arm-none-eabi-gcc -o "ledBlink.elf" @"objects.list"   -mcpu=cortex-m4 -T"/Users/202286/Documents/hersey/stm32f411/ledBlink/STM32F411VETX_FLASH.ld" --specs=nosys.specs -Wl,-Map="ledBlink.map" -Wl,--gc-sections -static --specs=nano.specs -mfpu=fpv4-sp-d16 -mfloat-abi=hard -mthumb -Wl,--start-group -lc -lm -Wl,--end-group
Finished building target: ledBlink.elf
 
arm-none-eabi-objdump -h -S  ledBlink.elf  > "ledBlink.list"
arm-none-eabi-objcopy  -O binary  ledBlink.elf  "ledBlink.bin"
arm-none-eabi-size   ledBlink.elf 
   text	   data	    bss	    dec	    hex	filename
   5728	     20	   1572	   7320	   1c98	ledBlink.elf
Finished building: default.size.stdout
 
Finished building: ledBlink.bin
 
Finished building: ledBlink.list
 
17:08:07 **** Incremental Build of configuration Debug for project ledBlink ****
make -j3 all 
arm-none-eabi-size   ledBlink.elf 
   text	   data	    bss	    dec	    hex	filename
   5728	     20	   1572	   7320	   1c98	ledBlink.elf
Finished building: default.size.stdout
 
17:10:19 **** Incremental Build of configuration Debug for project ledBlink ****
make -j3 all 
arm-none-eabi-size   ledBlink.elf 
   text	   data	    bss	    dec	    hex	filename
   5728	     20	   1572	   7320	   1c98	ledBlink.elf
Finished building: default.size.stdout
 
17:11:42 **** Incremental Build of configuration Debug for project ledBlink ****
make -j3 all 
arm-none-eabi-size   ledBlink.elf 
   text	   data	    bss	    dec	    hex	filename
   5728	     20	   1572	   7320	   1c98	ledBlink.elf
Finished building: default.size.stdout
 
17:12:16 **** Incremental Build of configuration Debug for project ledBlink ****
make -j3 all 
arm-none-eabi-size   ledBlink.elf 
   text	   data	    bss	    dec	    hex	filename
   5728	     20	   1572	   7320	   1c98	ledBlink.elf
Finished building: default.size.stdout
 
17:14:28 **** Incremental Build of configuration Debug for project ledBlink ****
make -j3 all 
arm-none-eabi-size   ledBlink.elf 
   text	   data	    bss	    dec	    hex	filename
   5728	     20	   1572	   7320	   1c98	ledBlink.elf
Finished building: default.size.stdout
 
17:14:50 **** Incremental Build of configuration Debug for project ledBlink ****
make -j3 all 
arm-none-eabi-size   ledBlink.elf 
   text	   data	    bss	    dec	    hex	filename
   5728	     20	   1572	   7320	   1c98	ledBlink.elf
Finished building: default.size.stdout
 
17:14:56 **** Incremental Build of configuration Debug for project ledBlink ****
make -j3 all 
arm-none-eabi-size   ledBlink.elf 
   text	   data	    bss	    dec	    hex	filename
   5728	     20	   1572	   7320	   1c98	ledBlink.elf
Finished building: default.size.stdout
 
17:18:23 **** Incremental Build of configuration Debug for project ledBlink ****
make -j3 all 
arm-none-eabi-gcc "../Core/Src/main.c" -mcpu=cortex-m4 -std=gnu11 -g3 -DUSE_HAL_DRIVER -DSTM32F411xE -DDEBUG -c -I../Core/Inc -I../Drivers/STM32F4xx_HAL_Driver/Inc -I../Drivers/STM32F4xx_HAL_Driver/Inc/Legacy -I../Drivers/CMSIS/Device/ST/STM32F4xx/Include -I../Drivers/CMSIS/Include -O0 -ffunction-sections -fdata-sections -Wall -fstack-usage -MMD -MP -MF"Core/Src/main.d" -MT"Core/Src/main.o" --specs=nano.specs -mfpu=fpv4-sp-d16 -mfloat-abi=hard -mthumb -o "Core/Src/main.o"
arm-none-eabi-gcc -o "ledBlink.elf" @"objects.list"   -mcpu=cortex-m4 -T"/Users/202286/Documents/hersey/stm32f411/ledBlink/STM32F411VETX_FLASH.ld" --specs=nosys.specs -Wl,-Map="ledBlink.map" -Wl,--gc-sections -static --specs=nano.specs -mfpu=fpv4-sp-d16 -mfloat-abi=hard -mthumb -Wl,--start-group -lc -lm -Wl,--end-group
Finished building target: ledBlink.elf
 
arm-none-eabi-objdump -h -S  ledBlink.elf  > "ledBlink.list"
arm-none-eabi-objcopy  -O binary  ledBlink.elf  "ledBlink.bin"
arm-none-eabi-size   ledBlink.elf 
   text	   data	    bss	    dec	    hex	filename
   5760	     20	   1572	   7352	   1cb8	ledBlink.elf
Finished building: default.size.stdout
 
Finished building: ledBlink.bin
 
Finished building: ledBlink.list
 
17:19:30 **** Incremental Build of configuration Debug for project ledBlink ****
make -j3 all 
arm-none-eabi-gcc "../Core/Src/main.c" -mcpu=cortex-m4 -std=gnu11 -g3 -DUSE_HAL_DRIVER -DSTM32F411xE -DDEBUG -c -I../Core/Inc -I../Drivers/STM32F4xx_HAL_Driver/Inc -I../Drivers/STM32F4xx_HAL_Driver/Inc/Legacy -I../Drivers/CMSIS/Device/ST/STM32F4xx/Include -I../Drivers/CMSIS/Include -O0 -ffunction-sections -fdata-sections -Wall -fstack-usage -MMD -MP -MF"Core/Src/main.d" -MT"Core/Src/main.o" --specs=nano.specs -mfpu=fpv4-sp-d16 -mfloat-abi=hard -mthumb -o "Core/Src/main.o"
arm-none-eabi-gcc -o "ledBlink.elf" @"objects.list"   -mcpu=cortex-m4 -T"/Users/202286/Documents/hersey/stm32f411/ledBlink/STM32F411VETX_FLASH.ld" --specs=nosys.specs -Wl,-Map="ledBlink.map" -Wl,--gc-sections -static --specs=nano.specs -mfpu=fpv4-sp-d16 -mfloat-abi=hard -mthumb -Wl,--start-group -lc -lm -Wl,--end-group
Finished building target: ledBlink.elf
 
arm-none-eabi-objdump -h -S  ledBlink.elf  > "ledBlink.list"
arm-none-eabi-objcopy  -O binary  ledBlink.elf  "ledBlink.bin"
arm-none-eabi-size   ledBlink.elf 
   text	   data	    bss	    dec	    hex	filename
   5760	     20	   1572	   7352	   1cb8	ledBlink.elf
Finished building: default.size.stdout
 
Finished building: ledBlink.bin
 
Finished building: ledBlink.list
 
17:19:49 **** Incremental Build of configuration Debug for project ledBlink ****
make -j3 all 
arm-none-eabi-gcc "../Core/Src/main.c" -mcpu=cortex-m4 -std=gnu11 -g3 -DUSE_HAL_DRIVER -DSTM32F411xE -DDEBUG -c -I../Core/Inc -I../Drivers/STM32F4xx_HAL_Driver/Inc -I../Drivers/STM32F4xx_HAL_Driver/Inc/Legacy -I../Drivers/CMSIS/Device/ST/STM32F4xx/Include -I../Drivers/CMSIS/Include -O0 -ffunction-sections -fdata-sections -Wall -fstack-usage -MMD -MP -MF"Core/Src/main.d" -MT"Core/Src/main.o" --specs=nano.specs -mfpu=fpv4-sp-d16 -mfloat-abi=hard -mthumb -o "Core/Src/main.o"
arm-none-eabi-gcc -o "ledBlink.elf" @"objects.list"   -mcpu=cortex-m4 -T"/Users/202286/Documents/hersey/stm32f411/ledBlink/STM32F411VETX_FLASH.ld" --specs=nosys.specs -Wl,-Map="ledBlink.map" -Wl,--gc-sections -static --specs=nano.specs -mfpu=fpv4-sp-d16 -mfloat-abi=hard -mthumb -Wl,--start-group -lc -lm -Wl,--end-group
Finished building target: ledBlink.elf
 
arm-none-eabi-objdump -h -S  ledBlink.elf  > "ledBlink.list"
arm-none-eabi-objcopy  -O binary  ledBlink.elf  "ledBlink.bin"
arm-none-eabi-size   ledBlink.elf 
   text	   data	    bss	    dec	    hex	filename
   5760	     20	   1572	   7352	   1cb8	ledBlink.elf
Finished building: default.size.stdout
Finished building: ledBlink.bin
 
 
Finished building: ledBlink.list
 
17:26:40 **** Incremental Build of configuration Debug for project ledBlink ****
make -j3 all 
arm-none-eabi-gcc "../Core/Src/main.c" -mcpu=cortex-m4 -std=gnu11 -g3 -DUSE_HAL_DRIVER -DSTM32F411xE -DDEBUG -c -I../Core/Inc -I../Drivers/STM32F4xx_HAL_Driver/Inc -I../Drivers/STM32F4xx_HAL_Driver/Inc/Legacy -I../Drivers/CMSIS/Device/ST/STM32F4xx/Include -I../Drivers/CMSIS/Include -O0 -ffunction-sections -fdata-sections -Wall -fstack-usage -MMD -MP -MF"Core/Src/main.d" -MT"Core/Src/main.o" --specs=nano.specs -mfpu=fpv4-sp-d16 -mfloat-abi=hard -mthumb -o "Core/Src/main.o"
arm-none-eabi-gcc -o "ledBlink.elf" @"objects.list"   -mcpu=cortex-m4 -T"/Users/202286/Documents/hersey/stm32f411/ledBlink/STM32F411VETX_FLASH.ld" --specs=nosys.specs -Wl,-Map="ledBlink.map" -Wl,--gc-sections -static --specs=nano.specs -mfpu=fpv4-sp-d16 -mfloat-abi=hard -mthumb -Wl,--start-group -lc -lm -Wl,--end-group
Finished building target: ledBlink.elf
 
arm-none-eabi-objdump -h -S  ledBlink.elf  > "ledBlink.list"
arm-none-eabi-objcopy  -O binary  ledBlink.elf  "ledBlink.bin"
arm-none-eabi-size   ledBlink.elf 
   text	   data	    bss	    dec	    hex	filename
   5872	     20	   1572	   7464	   1d28	ledBlink.elf
Finished building: default.size.stdout
 
Finished building: ledBlink.bin
 
Finished building: ledBlink.list
 
17:27:19 **** Incremental Build of configuration Debug for project ledBlink ****
make -j3 all 
arm-none-eabi-gcc "../Core/Src/main.c" -mcpu=cortex-m4 -std=gnu11 -g3 -DUSE_HAL_DRIVER -DSTM32F411xE -DDEBUG -c -I../Core/Inc -I../Drivers/STM32F4xx_HAL_Driver/Inc -I../Drivers/STM32F4xx_HAL_Driver/Inc/Legacy -I../Drivers/CMSIS/Device/ST/STM32F4xx/Include -I../Drivers/CMSIS/Include -O0 -ffunction-sections -fdata-sections -Wall -fstack-usage -MMD -MP -MF"Core/Src/main.d" -MT"Core/Src/main.o" --specs=nano.specs -mfpu=fpv4-sp-d16 -mfloat-abi=hard -mthumb -o "Core/Src/main.o"
arm-none-eabi-gcc -o "ledBlink.elf" @"objects.list"   -mcpu=cortex-m4 -T"/Users/202286/Documents/hersey/stm32f411/ledBlink/STM32F411VETX_FLASH.ld" --specs=nosys.specs -Wl,-Map="ledBlink.map" -Wl,--gc-sections -static --specs=nano.specs -mfpu=fpv4-sp-d16 -mfloat-abi=hard -mthumb -Wl,--start-group -lc -lm -Wl,--end-group
Finished building target: ledBlink.elf
 
arm-none-eabi-objdump -h -S  ledBlink.elf  > "ledBlink.list"
arm-none-eabi-objcopy  -O binary  ledBlink.elf  "ledBlink.bin"
arm-none-eabi-size   ledBlink.elf 
   text	   data	    bss	    dec	    hex	filename
   5872	     20	   1572	   7464	   1d28	ledBlink.elf
Finished building: default.size.stdout
 
Finished building: ledBlink.bin
 
Finished building: ledBlink.list
 
17:34:31 **** Incremental Build of configuration Debug for project ledBlink ****
make -j3 all 
arm-none-eabi-gcc "../Core/Src/main.c" -mcpu=cortex-m4 -std=gnu11 -g3 -DUSE_HAL_DRIVER -DSTM32F411xE -DDEBUG -c -I../Core/Inc -I../Drivers/STM32F4xx_HAL_Driver/Inc -I../Drivers/STM32F4xx_HAL_Driver/Inc/Legacy -I../Drivers/CMSIS/Device/ST/STM32F4xx/Include -I../Drivers/CMSIS/Include -O0 -ffunction-sections -fdata-sections -Wall -fstack-usage -MMD -MP -MF"Core/Src/main.d" -MT"Core/Src/main.o" --specs=nano.specs -mfpu=fpv4-sp-d16 -mfloat-abi=hard -mthumb -o "Core/Src/main.o"
arm-none-eabi-gcc -o "ledBlink.elf" @"objects.list"   -mcpu=cortex-m4 -T"/Users/202286/Documents/hersey/stm32f411/ledBlink/STM32F411VETX_FLASH.ld" --specs=nosys.specs -Wl,-Map="ledBlink.map" -Wl,--gc-sections -static --specs=nano.specs -mfpu=fpv4-sp-d16 -mfloat-abi=hard -mthumb -Wl,--start-group -lc -lm -Wl,--end-group
Finished building target: ledBlink.elf
 
arm-none-eabi-objdump -h -S  ledBlink.elf  > "ledBlink.list"
arm-none-eabi-objcopy  -O binary  ledBlink.elf  "ledBlink.bin"
arm-none-eabi-size   ledBlink.elf 
   text	   data	    bss	    dec	    hex	filename
   5840	     20	   1572	   7432	   1d08	ledBlink.elf
Finished building: default.size.stdout
Finished building: ledBlink.bin
 
 
Finished building: ledBlink.list
 
20:59:12 **** Incremental Build of configuration Debug for project ledBlink ****
make -j3 all 
arm-none-eabi-gcc "../Core/Src/main.c" -mcpu=cortex-m4 -std=gnu11 -g3 -DUSE_HAL_DRIVER -DSTM32F411xE -DDEBUG -c -I../Core/Inc -I../Drivers/STM32F4xx_HAL_Driver/Inc -I../Drivers/STM32F4xx_HAL_Driver/Inc/Legacy -I../Drivers/CMSIS/Device/ST/STM32F4xx/Include -I../Drivers/CMSIS/Include -O0 -ffunction-sections -fdata-sections -Wall -fstack-usage -MMD -MP -MF"Core/Src/main.d" -MT"Core/Src/main.o" --specs=nano.specs -mfpu=fpv4-sp-d16 -mfloat-abi=hard -mthumb -o "Core/Src/main.o"
../Core/Src/main.c:48:20: warning: implicit declaration of function 'strlen' [-Wimplicit-function-declaration]
   48 | const size_t len = strlen(*msg);
      |                    ^~~~~~
../Core/Src/main.c:48:20: warning: incompatible implicit declaration of built-in function 'strlen'
../Core/Src/main.c:32:1: note: include '<string.h>' or provide a declaration of 'strlen'
   31 | #include <stdlib.h>
  +++ |+#include <string.h>
   32 | /* USER CODE BEGIN Includes */
../Core/Src/main.c:48:27: warning: passing argument 1 of 'strlen' makes pointer from integer without a cast [-Wint-conversion]
   48 | const size_t len = strlen(*msg);
      |                           ^~~~
      |                           |
      |                           char
../Core/Src/main.c:48:27: note: expected 'const char *' but argument is of type 'char'
../Core/Src/main.c:48:20: error: initializer element is not constant
   48 | const size_t len = strlen(*msg);
      |                    ^~~~~~
../Core/Src/main.c: In function 'main':
../Core/Src/main.c:186:9: warning: passing argument 1 of 'morse' discards 'const' qualifier from pointer target type [-Wdiscarded-qualifiers]
  186 |   morse(msg);
      |         ^~~
../Core/Src/main.c:159:18: note: expected 'char *' but argument is of type 'const char *'
  159 | void morse(char* msg, struct node* root){
      |            ~~~~~~^~~
../Core/Src/main.c:186:3: error: too few arguments to function 'morse'
  186 |   morse(msg);
      |   ^~~~~
../Core/Src/main.c:159:6: note: declared here
  159 | void morse(char* msg, struct node* root){
      |      ^~~~~
../Core/Src/main.c:191:2: warning: implicit declaration of function 'deleteMorseTree'; did you mean 'createMorseTree'? [-Wimplicit-function-declaration]
  191 |  deleteMorseTree(root);
      |  ^~~~~~~~~~~~~~~
      |  createMorseTree
../Core/Src/main.c: In function 'createMorseTree':
../Core/Src/main.c:116:1: warning: control reaches end of non-void function [-Wreturn-type]
  116 | }
      | ^
../Core/Src/main.c: In function 'decode':
../Core/Src/main.c:157:1: warning: control reaches end of non-void function [-Wreturn-type]
  157 | }
      | ^
make: *** [Core/Src/subdir.mk:34: Core/Src/main.o] Error 1
"make -j3 all" terminated with exit code 2. Build might be incomplete.
21:04:23 **** Incremental Build of configuration Debug for project ledBlink ****
make -j3 all 
arm-none-eabi-gcc "../Core/Src/main.c" -mcpu=cortex-m4 -std=gnu11 -g3 -DUSE_HAL_DRIVER -DSTM32F411xE -DDEBUG -c -I../Core/Inc -I../Drivers/STM32F4xx_HAL_Driver/Inc -I../Drivers/STM32F4xx_HAL_Driver/Inc/Legacy -I../Drivers/CMSIS/Device/ST/STM32F4xx/Include -I../Drivers/CMSIS/Include -O0 -ffunction-sections -fdata-sections -Wall -fstack-usage -MMD -MP -MF"Core/Src/main.d" -MT"Core/Src/main.o" --specs=nano.specs -mfpu=fpv4-sp-d16 -mfloat-abi=hard -mthumb -o "Core/Src/main.o"
../Core/Src/main.c:48:14: warning: implicit declaration of function 'strlen' [-Wimplicit-function-declaration]
   48 | size_t len = strlen(*msg);
      |              ^~~~~~
../Core/Src/main.c:48:14: warning: incompatible implicit declaration of built-in function 'strlen'
../Core/Src/main.c:32:1: note: include '<string.h>' or provide a declaration of 'strlen'
   31 | #include <stdlib.h>
  +++ |+#include <string.h>
   32 | /* USER CODE BEGIN Includes */
../Core/Src/main.c:48:21: warning: passing argument 1 of 'strlen' makes pointer from integer without a cast [-Wint-conversion]
   48 | size_t len = strlen(*msg);
      |                     ^~~~
      |                     |
      |                     char
../Core/Src/main.c:48:21: note: expected 'const char *' but argument is of type 'char'
../Core/Src/main.c:48:14: error: initializer element is not constant
   48 | size_t len = strlen(*msg);
      |              ^~~~~~
../Core/Src/main.c: In function 'main':
../Core/Src/main.c:196:3: error: too few arguments to function 'morse'
  196 |   morse(msg);
      |   ^~~~~
../Core/Src/main.c:169:6: note: declared here
  169 | void morse(char* msg, struct node* root){
      |      ^~~~~
../Core/Src/main.c:201:2: warning: implicit declaration of function 'deleteMorseTree'; did you mean 'createMorseTree'? [-Wimplicit-function-declaration]
  201 |  deleteMorseTree(root);
      |  ^~~~~~~~~~~~~~~
      |  createMorseTree
make: *** [Core/Src/subdir.mk:34: Core/Src/main.o] Error 1
"make -j3 all" terminated with exit code 2. Build might be incomplete.
21:04:44 **** Incremental Build of configuration Debug for project ledBlink ****
make -j3 all 
arm-none-eabi-gcc "../Core/Src/main.c" -mcpu=cortex-m4 -std=gnu11 -g3 -DUSE_HAL_DRIVER -DSTM32F411xE -DDEBUG -c -I../Core/Inc -I../Drivers/STM32F4xx_HAL_Driver/Inc -I../Drivers/STM32F4xx_HAL_Driver/Inc/Legacy -I../Drivers/CMSIS/Device/ST/STM32F4xx/Include -I../Drivers/CMSIS/Include -O0 -ffunction-sections -fdata-sections -Wall -fstack-usage -MMD -MP -MF"Core/Src/main.d" -MT"Core/Src/main.o" --specs=nano.specs -mfpu=fpv4-sp-d16 -mfloat-abi=hard -mthumb -o "Core/Src/main.o"
../Core/Src/main.c:48:14: warning: implicit declaration of function 'strlen' [-Wimplicit-function-declaration]
   48 | size_t len = strlen(*msg);
      |              ^~~~~~
../Core/Src/main.c:48:14: warning: incompatible implicit declaration of built-in function 'strlen'
../Core/Src/main.c:32:1: note: include '<string.h>' or provide a declaration of 'strlen'
   31 | #include <stdlib.h>
  +++ |+#include <string.h>
   32 | /* USER CODE BEGIN Includes */
../Core/Src/main.c:48:21: warning: passing argument 1 of 'strlen' makes pointer from integer without a cast [-Wint-conversion]
   48 | size_t len = strlen(*msg);
      |                     ^~~~
      |                     |
      |                     char
../Core/Src/main.c:48:21: note: expected 'const char *' but argument is of type 'char'
../Core/Src/main.c:48:14: error: initializer element is not constant
   48 | size_t len = strlen(*msg);
      |              ^~~~~~
../Core/Src/main.c: In function 'deleteMorseTree':
../Core/Src/main.c:124:2: warning: implicit declaration of function 'deleteTree'; did you mean 'deleteMorseTree'? [-Wimplicit-function-declaration]
  124 |  deleteTree(n->left);
      |  ^~~~~~~~~~
      |  deleteMorseTree
../Core/Src/main.c: In function 'main':
../Core/Src/main.c:196:3: error: too few arguments to function 'morse'
  196 |   morse(msg);
      |   ^~~~~
../Core/Src/main.c:169:6: note: declared here
  169 | void morse(char* msg, struct node* root){
      |      ^~~~~
make: *** [Core/Src/subdir.mk:34: Core/Src/main.o] Error 1
"make -j3 all" terminated with exit code 2. Build might be incomplete.
21:05:37 **** Incremental Build of configuration Debug for project ledBlink ****
make -j3 all 
arm-none-eabi-gcc "../Core/Src/main.c" -mcpu=cortex-m4 -std=gnu11 -g3 -DUSE_HAL_DRIVER -DSTM32F411xE -DDEBUG -c -I../Core/Inc -I../Drivers/STM32F4xx_HAL_Driver/Inc -I../Drivers/STM32F4xx_HAL_Driver/Inc/Legacy -I../Drivers/CMSIS/Device/ST/STM32F4xx/Include -I../Drivers/CMSIS/Include -O0 -ffunction-sections -fdata-sections -Wall -fstack-usage -MMD -MP -MF"Core/Src/main.d" -MT"Core/Src/main.o" --specs=nano.specs -mfpu=fpv4-sp-d16 -mfloat-abi=hard -mthumb -o "Core/Src/main.o"
../Core/Src/main.c:48:14: warning: implicit declaration of function 'strlen' [-Wimplicit-function-declaration]
   48 | size_t len = strlen(*msg);
      |              ^~~~~~
../Core/Src/main.c:48:14: warning: incompatible implicit declaration of built-in function 'strlen'
../Core/Src/main.c:32:1: note: include '<string.h>' or provide a declaration of 'strlen'
   31 | #include <stdlib.h>
  +++ |+#include <string.h>
   32 | /* USER CODE BEGIN Includes */
../Core/Src/main.c:48:21: warning: passing argument 1 of 'strlen' makes pointer from integer without a cast [-Wint-conversion]
   48 | size_t len = strlen(*msg);
      |                     ^~~~
      |                     |
      |                     char
../Core/Src/main.c:48:21: note: expected 'const char *' but argument is of type 'char'
../Core/Src/main.c:48:14: error: initializer element is not constant
   48 | size_t len = strlen(*msg);
      |              ^~~~~~
make: *** [Core/Src/subdir.mk:34: Core/Src/main.o] Error 1
"make -j3 all" terminated with exit code 2. Build might be incomplete.
21:06:36 **** Incremental Build of configuration Debug for project ledBlink ****
make -j3 all 
arm-none-eabi-gcc "../Core/Src/main.c" -mcpu=cortex-m4 -std=gnu11 -g3 -DUSE_HAL_DRIVER -DSTM32F411xE -DDEBUG -c -I../Core/Inc -I../Drivers/STM32F4xx_HAL_Driver/Inc -I../Drivers/STM32F4xx_HAL_Driver/Inc/Legacy -I../Drivers/CMSIS/Device/ST/STM32F4xx/Include -I../Drivers/CMSIS/Include -O0 -ffunction-sections -fdata-sections -Wall -fstack-usage -MMD -MP -MF"Core/Src/main.d" -MT"Core/Src/main.o" --specs=nano.specs -mfpu=fpv4-sp-d16 -mfloat-abi=hard -mthumb -o "Core/Src/main.o"
../Core/Src/main.c:48:14: warning: implicit declaration of function 'strlen' [-Wimplicit-function-declaration]
   48 | size_t len = strlen(*msg);
      |              ^~~~~~
../Core/Src/main.c:48:14: warning: incompatible implicit declaration of built-in function 'strlen'
../Core/Src/main.c:32:1: note: include '<string.h>' or provide a declaration of 'strlen'
   31 | #include <stdlib.h>
  +++ |+#include <string.h>
   32 | /* USER CODE BEGIN Includes */
../Core/Src/main.c:48:21: warning: passing argument 1 of 'strlen' makes pointer from integer without a cast [-Wint-conversion]
   48 | size_t len = strlen(*msg);
      |                     ^~~~
      |                     |
      |                     char
../Core/Src/main.c:48:21: note: expected 'const char *' but argument is of type 'char'
../Core/Src/main.c:48:14: error: initializer element is not constant
   48 | size_t len = strlen(*msg);
      |              ^~~~~~
../Core/Src/main.c: In function 'morse':
../Core/Src/main.c:174:10: error: assignment of read-only location '*msg'
  174 |     *msg -= 32;
      |          ^~
../Core/Src/main.c:176:26: warning: passing argument 1 of 'decode' discards 'const' qualifier from pointer target type [-Wdiscarded-qualifiers]
  176 |   char space = decode(msg+i, root);
      |                       ~~~^~
../Core/Src/main.c:143:19: note: expected 'char *' but argument is of type 'const char *'
  143 | char decode(char* c, struct node* n){
      |             ~~~~~~^
make: *** [Core/Src/subdir.mk:34: Core/Src/main.o] Error 1
"make -j3 all" terminated with exit code 2. Build might be incomplete.
21:07:07 **** Incremental Build of configuration Debug for project ledBlink ****
make -j3 all 
arm-none-eabi-gcc "../Core/Src/main.c" -mcpu=cortex-m4 -std=gnu11 -g3 -DUSE_HAL_DRIVER -DSTM32F411xE -DDEBUG -c -I../Core/Inc -I../Drivers/STM32F4xx_HAL_Driver/Inc -I../Drivers/STM32F4xx_HAL_Driver/Inc/Legacy -I../Drivers/CMSIS/Device/ST/STM32F4xx/Include -I../Drivers/CMSIS/Include -O0 -ffunction-sections -fdata-sections -Wall -fstack-usage -MMD -MP -MF"Core/Src/main.d" -MT"Core/Src/main.o" --specs=nano.specs -mfpu=fpv4-sp-d16 -mfloat-abi=hard -mthumb -o "Core/Src/main.o"
../Core/Src/main.c:48:14: warning: implicit declaration of function 'strlen' [-Wimplicit-function-declaration]
   48 | size_t len = strlen(*msg);
      |              ^~~~~~
../Core/Src/main.c:48:14: warning: incompatible implicit declaration of built-in function 'strlen'
../Core/Src/main.c:32:1: note: include '<string.h>' or provide a declaration of 'strlen'
   31 | #include <stdlib.h>
  +++ |+#include <string.h>
   32 | /* USER CODE BEGIN Includes */
../Core/Src/main.c:48:21: warning: passing argument 1 of 'strlen' makes pointer from integer without a cast [-Wint-conversion]
   48 | size_t len = strlen(*msg);
      |                     ^~~~
      |                     |
      |                     char
../Core/Src/main.c:48:21: note: expected 'const char *' but argument is of type 'char'
../Core/Src/main.c:48:14: error: initializer element is not constant
   48 | size_t len = strlen(*msg);
      |              ^~~~~~
../Core/Src/main.c: In function 'morse':
../Core/Src/main.c:174:10: error: assignment of read-only location '*msg'
  174 |     *msg -= 32;
      |          ^~
../Core/Src/main.c:176:26: warning: passing argument 1 of 'decode' discards 'const' qualifier from pointer target type [-Wdiscarded-qualifiers]
  176 |   char space = decode(msg+i, root);
      |                       ~~~^~
../Core/Src/main.c:143:19: note: expected 'char *' but argument is of type 'const char *'
  143 | char decode(char* c, struct node* n){
      |             ~~~~~~^
make: *** [Core/Src/subdir.mk:34: Core/Src/main.o] Error 1
"make -j3 all" terminated with exit code 2. Build might be incomplete.
21:08:02 **** Incremental Build of configuration Debug for project ledBlink ****
make -j3 all 
arm-none-eabi-gcc "../Core/Src/main.c" -mcpu=cortex-m4 -std=gnu11 -g3 -DUSE_HAL_DRIVER -DSTM32F411xE -DDEBUG -c -I../Core/Inc -I../Drivers/STM32F4xx_HAL_Driver/Inc -I../Drivers/STM32F4xx_HAL_Driver/Inc/Legacy -I../Drivers/CMSIS/Device/ST/STM32F4xx/Include -I../Drivers/CMSIS/Include -O0 -ffunction-sections -fdata-sections -Wall -fstack-usage -MMD -MP -MF"Core/Src/main.d" -MT"Core/Src/main.o" --specs=nano.specs -mfpu=fpv4-sp-d16 -mfloat-abi=hard -mthumb -o "Core/Src/main.o"
../Core/Src/main.c:48:14: warning: implicit declaration of function 'strlen' [-Wimplicit-function-declaration]
   48 | size_t len = strlen(*msg);
      |              ^~~~~~
../Core/Src/main.c:48:14: warning: incompatible implicit declaration of built-in function 'strlen'
../Core/Src/main.c:32:1: note: include '<string.h>' or provide a declaration of 'strlen'
   31 | #include <stdlib.h>
  +++ |+#include <string.h>
   32 | /* USER CODE BEGIN Includes */
../Core/Src/main.c:48:21: warning: passing argument 1 of 'strlen' makes pointer from integer without a cast [-Wint-conversion]
   48 | size_t len = strlen(*msg);
      |                     ^~~~
      |                     |
      |                     char
../Core/Src/main.c:48:21: note: expected 'const char *' but argument is of type 'char'
../Core/Src/main.c:48:14: error: initializer element is not constant
   48 | size_t len = strlen(*msg);
      |              ^~~~~~
../Core/Src/main.c: In function 'morse':
../Core/Src/main.c:174:10: error: assignment of read-only location '*msg'
  174 |     *msg -= 32;
      |          ^~
../Core/Src/main.c:176:26: warning: passing argument 1 of 'decode' discards 'const' qualifier from pointer target type [-Wdiscarded-qualifiers]
  176 |   char space = decode(msg+i, root);
      |                       ~~~^~
../Core/Src/main.c:143:19: note: expected 'char *' but argument is of type 'const char *'
  143 | char decode(char* c, struct node* n){
      |             ~~~~~~^
make: *** [Core/Src/subdir.mk:34: Core/Src/main.o] Error 1
"make -j3 all" terminated with exit code 2. Build might be incomplete.
21:10:45 **** Incremental Build of configuration Debug for project ledBlink ****
make -j3 all 
arm-none-eabi-gcc "../Core/Src/main.c" -mcpu=cortex-m4 -std=gnu11 -g3 -DUSE_HAL_DRIVER -DSTM32F411xE -DDEBUG -c -I../Core/Inc -I../Drivers/STM32F4xx_HAL_Driver/Inc -I../Drivers/STM32F4xx_HAL_Driver/Inc/Legacy -I../Drivers/CMSIS/Device/ST/STM32F4xx/Include -I../Drivers/CMSIS/Include -O0 -ffunction-sections -fdata-sections -Wall -fstack-usage -MMD -MP -MF"Core/Src/main.d" -MT"Core/Src/main.o" --specs=nano.specs -mfpu=fpv4-sp-d16 -mfloat-abi=hard -mthumb -o "Core/Src/main.o"
../Core/Src/main.c:49:14: error: initializer element is not constant
   49 | size_t len = strlen(msg);
      |              ^~~~~~
../Core/Src/main.c: In function 'morse':
../Core/Src/main.c:175:14: error: assignment of read-only location '*(msg + (sizetype)i)'
  175 |     *(msg+i) -= 32;
      |              ^~
../Core/Src/main.c:177:26: warning: passing argument 1 of 'decode' discards 'const' qualifier from pointer target type [-Wdiscarded-qualifiers]
  177 |   char space = decode(msg+i, root);
      |                       ~~~^~
../Core/Src/main.c:144:19: note: expected 'char *' but argument is of type 'const char *'
  144 | char decode(char* c, struct node* n){
      |             ~~~~~~^
make: *** [Core/Src/subdir.mk:34: Core/Src/main.o] Error 1
"make -j3 all" terminated with exit code 2. Build might be incomplete.
21:11:10 **** Incremental Build of configuration Debug for project ledBlink ****
make -j3 all 
arm-none-eabi-gcc "../Core/Src/main.c" -mcpu=cortex-m4 -std=gnu11 -g3 -DUSE_HAL_DRIVER -DSTM32F411xE -DDEBUG -c -I../Core/Inc -I../Drivers/STM32F4xx_HAL_Driver/Inc -I../Drivers/STM32F4xx_HAL_Driver/Inc/Legacy -I../Drivers/CMSIS/Device/ST/STM32F4xx/Include -I../Drivers/CMSIS/Include -O0 -ffunction-sections -fdata-sections -Wall -fstack-usage -MMD -MP -MF"Core/Src/main.d" -MT"Core/Src/main.o" --specs=nano.specs -mfpu=fpv4-sp-d16 -mfloat-abi=hard -mthumb -o "Core/Src/main.o"
../Core/Src/main.c:49:20: error: initializer element is not constant
   49 | const size_t len = strlen(msg);
      |                    ^~~~~~
../Core/Src/main.c: In function 'morse':
../Core/Src/main.c:175:14: error: assignment of read-only location '*(msg + (sizetype)i)'
  175 |     *(msg+i) -= 32;
      |              ^~
../Core/Src/main.c:177:26: warning: passing argument 1 of 'decode' discards 'const' qualifier from pointer target type [-Wdiscarded-qualifiers]
  177 |   char space = decode(msg+i, root);
      |                       ~~~^~
../Core/Src/main.c:144:19: note: expected 'char *' but argument is of type 'const char *'
  144 | char decode(char* c, struct node* n){
      |             ~~~~~~^
make: *** [Core/Src/subdir.mk:34: Core/Src/main.o] Error 1
"make -j3 all" terminated with exit code 2. Build might be incomplete.
21:11:30 **** Incremental Build of configuration Debug for project ledBlink ****
make -j3 all 
arm-none-eabi-gcc "../Core/Src/main.c" -mcpu=cortex-m4 -std=gnu11 -g3 -DUSE_HAL_DRIVER -DSTM32F411xE -DDEBUG -c -I../Core/Inc -I../Drivers/STM32F4xx_HAL_Driver/Inc -I../Drivers/STM32F4xx_HAL_Driver/Inc/Legacy -I../Drivers/CMSIS/Device/ST/STM32F4xx/Include -I../Drivers/CMSIS/Include -O0 -ffunction-sections -fdata-sections -Wall -fstack-usage -MMD -MP -MF"Core/Src/main.d" -MT"Core/Src/main.o" --specs=nano.specs -mfpu=fpv4-sp-d16 -mfloat-abi=hard -mthumb -o "Core/Src/main.o"
../Core/Src/main.c:49:14: error: initializer element is not constant
   49 | size_t len = strlen(msg);
      |              ^~~~~~
../Core/Src/main.c: In function 'morse':
../Core/Src/main.c:175:14: error: assignment of read-only location '*(msg + (sizetype)i)'
  175 |     *(msg+i) -= 32;
      |              ^~
../Core/Src/main.c:177:26: warning: passing argument 1 of 'decode' discards 'const' qualifier from pointer target type [-Wdiscarded-qualifiers]
  177 |   char space = decode(msg+i, root);
      |                       ~~~^~
../Core/Src/main.c:144:19: note: expected 'char *' but argument is of type 'const char *'
  144 | char decode(char* c, struct node* n){
      |             ~~~~~~^
make: *** [Core/Src/subdir.mk:34: Core/Src/main.o] Error 1
"make -j3 all" terminated with exit code 2. Build might be incomplete.
21:12:22 **** Incremental Build of configuration Debug for project ledBlink ****
make -j3 all 
arm-none-eabi-gcc "../Core/Src/main.c" -mcpu=cortex-m4 -std=gnu11 -g3 -DUSE_HAL_DRIVER -DSTM32F411xE -DDEBUG -c -I../Core/Inc -I../Drivers/STM32F4xx_HAL_Driver/Inc -I../Drivers/STM32F4xx_HAL_Driver/Inc/Legacy -I../Drivers/CMSIS/Device/ST/STM32F4xx/Include -I../Drivers/CMSIS/Include -O0 -ffunction-sections -fdata-sections -Wall -fstack-usage -MMD -MP -MF"Core/Src/main.d" -MT"Core/Src/main.o" --specs=nano.specs -mfpu=fpv4-sp-d16 -mfloat-abi=hard -mthumb -o "Core/Src/main.o"
../Core/Src/main.c: In function 'morse':
../Core/Src/main.c:175:14: error: assignment of read-only location '*(msg + (sizetype)i)'
  175 |     *(msg+i) -= 32;
      |              ^~
../Core/Src/main.c:177:26: warning: passing argument 1 of 'decode' discards 'const' qualifier from pointer target type [-Wdiscarded-qualifiers]
  177 |   char space = decode(msg+i, root);
      |                       ~~~^~
../Core/Src/main.c:144:19: note: expected 'char *' but argument is of type 'const char *'
  144 | char decode(char* c, struct node* n){
      |             ~~~~~~^
make: *** [Core/Src/subdir.mk:34: Core/Src/main.o] Error 1
"make -j3 all" terminated with exit code 2. Build might be incomplete.
21:13:12 **** Incremental Build of configuration Debug for project ledBlink ****
make -j3 all 
arm-none-eabi-gcc "../Core/Src/main.c" -mcpu=cortex-m4 -std=gnu11 -g3 -DUSE_HAL_DRIVER -DSTM32F411xE -DDEBUG -c -I../Core/Inc -I../Drivers/STM32F4xx_HAL_Driver/Inc -I../Drivers/STM32F4xx_HAL_Driver/Inc/Legacy -I../Drivers/CMSIS/Device/ST/STM32F4xx/Include -I../Drivers/CMSIS/Include -O0 -ffunction-sections -fdata-sections -Wall -fstack-usage -MMD -MP -MF"Core/Src/main.d" -MT"Core/Src/main.o" --specs=nano.specs -mfpu=fpv4-sp-d16 -mfloat-abi=hard -mthumb -o "Core/Src/main.o"
arm-none-eabi-gcc -o "ledBlink.elf" @"objects.list"   -mcpu=cortex-m4 -T"/Users/202286/Documents/hersey/stm32f411/ledBlink/STM32F411VETX_FLASH.ld" --specs=nosys.specs -Wl,-Map="ledBlink.map" -Wl,--gc-sections -static --specs=nano.specs -mfpu=fpv4-sp-d16 -mfloat-abi=hard -mthumb -Wl,--start-group -lc -lm -Wl,--end-group
Finished building target: ledBlink.elf
 
arm-none-eabi-objdump -h -S  ledBlink.elf  > "ledBlink.list"
arm-none-eabi-objcopy  -O binary  ledBlink.elf  "ledBlink.bin"
arm-none-eabi-size   ledBlink.elf 
   text	   data	    bss	    dec	    hex	filename
   7268	    124	   1604	   8996	   2324	ledBlink.elf
Finished building: default.size.stdout
 
Finished building: ledBlink.bin
 
Finished building: ledBlink.list
 
21:16:10 **** Incremental Build of configuration Debug for project ledBlink ****
make -j3 all 
arm-none-eabi-size   ledBlink.elf 
   text	   data	    bss	    dec	    hex	filename
   7268	    124	   1604	   8996	   2324	ledBlink.elf
Finished building: default.size.stdout
 
21:16:54 **** Incremental Build of configuration Debug for project ledBlink ****
make -j3 all 
arm-none-eabi-size   ledBlink.elf 
   text	   data	    bss	    dec	    hex	filename
   7268	    124	   1604	   8996	   2324	ledBlink.elf
Finished building: default.size.stdout
 
21:18:10 **** Incremental Build of configuration Debug for project ledBlink ****
make -j3 all 
arm-none-eabi-size   ledBlink.elf 
   text	   data	    bss	    dec	    hex	filename
   7268	    124	   1604	   8996	   2324	ledBlink.elf
Finished building: default.size.stdout
 
21:25:53 **** Incremental Build of configuration Debug for project ledBlink ****
make -j3 all 
arm-none-eabi-gcc "../Core/Src/main.c" -mcpu=cortex-m4 -std=gnu11 -g3 -DUSE_HAL_DRIVER -DSTM32F411xE -DDEBUG -c -I../Core/Inc -I../Drivers/STM32F4xx_HAL_Driver/Inc -I../Drivers/STM32F4xx_HAL_Driver/Inc/Legacy -I../Drivers/CMSIS/Device/ST/STM32F4xx/Include -I../Drivers/CMSIS/Include -O0 -ffunction-sections -fdata-sections -Wall -fstack-usage -MMD -MP -MF"Core/Src/main.d" -MT"Core/Src/main.o" --specs=nano.specs -mfpu=fpv4-sp-d16 -mfloat-abi=hard -mthumb -o "Core/Src/main.o"
arm-none-eabi-gcc -o "ledBlink.elf" @"objects.list"   -mcpu=cortex-m4 -T"/Users/202286/Documents/hersey/stm32f411/ledBlink/STM32F411VETX_FLASH.ld" --specs=nosys.specs -Wl,-Map="ledBlink.map" -Wl,--gc-sections -static --specs=nano.specs -mfpu=fpv4-sp-d16 -mfloat-abi=hard -mthumb -Wl,--start-group -lc -lm -Wl,--end-group
Finished building target: ledBlink.elf
 
arm-none-eabi-objdump -h -S  ledBlink.elf  > "ledBlink.list"
arm-none-eabi-objcopy  -O binary  ledBlink.elf  "ledBlink.bin"
arm-none-eabi-size   ledBlink.elf 
   text	   data	    bss	    dec	    hex	filename
   7264	    124	   1604	   8992	   2320	ledBlink.elf
Finished building: default.size.stdout
 
Finished building: ledBlink.bin
 
Finished building: ledBlink.list
 
21:28:30 **** Incremental Build of configuration Debug for project ledBlink ****
make -j3 all 
arm-none-eabi-gcc "../Core/Src/main.c" -mcpu=cortex-m4 -std=gnu11 -g3 -DUSE_HAL_DRIVER -DSTM32F411xE -DDEBUG -c -I../Core/Inc -I../Drivers/STM32F4xx_HAL_Driver/Inc -I../Drivers/STM32F4xx_HAL_Driver/Inc/Legacy -I../Drivers/CMSIS/Device/ST/STM32F4xx/Include -I../Drivers/CMSIS/Include -O0 -ffunction-sections -fdata-sections -Wall -fstack-usage -MMD -MP -MF"Core/Src/main.d" -MT"Core/Src/main.o" --specs=nano.specs -mfpu=fpv4-sp-d16 -mfloat-abi=hard -mthumb -o "Core/Src/main.o"
arm-none-eabi-gcc -o "ledBlink.elf" @"objects.list"   -mcpu=cortex-m4 -T"/Users/202286/Documents/hersey/stm32f411/ledBlink/STM32F411VETX_FLASH.ld" --specs=nosys.specs -Wl,-Map="ledBlink.map" -Wl,--gc-sections -static --specs=nano.specs -mfpu=fpv4-sp-d16 -mfloat-abi=hard -mthumb -Wl,--start-group -lc -lm -Wl,--end-group
Finished building target: ledBlink.elf
 
arm-none-eabi-objdump -h -S  ledBlink.elf  > "ledBlink.list"
arm-none-eabi-objcopy  -O binary  ledBlink.elf  "ledBlink.bin"
arm-none-eabi-size   ledBlink.elf 
   text	   data	    bss	    dec	    hex	filename
   7264	    124	   1604	   8992	   2320	ledBlink.elf
Finished building: default.size.stdout
 
Finished building: ledBlink.bin
 
Finished building: ledBlink.list
 
21:35:07 **** Incremental Build of configuration Debug for project ledBlink ****
make -j3 all 
arm-none-eabi-gcc "../Core/Src/main.c" -mcpu=cortex-m4 -std=gnu11 -g3 -DUSE_HAL_DRIVER -DSTM32F411xE -DDEBUG -c -I../Core/Inc -I../Drivers/STM32F4xx_HAL_Driver/Inc -I../Drivers/STM32F4xx_HAL_Driver/Inc/Legacy -I../Drivers/CMSIS/Device/ST/STM32F4xx/Include -I../Drivers/CMSIS/Include -O0 -ffunction-sections -fdata-sections -Wall -fstack-usage -MMD -MP -MF"Core/Src/main.d" -MT"Core/Src/main.o" --specs=nano.specs -mfpu=fpv4-sp-d16 -mfloat-abi=hard -mthumb -o "Core/Src/main.o"
arm-none-eabi-gcc -o "ledBlink.elf" @"objects.list"   -mcpu=cortex-m4 -T"/Users/202286/Documents/hersey/stm32f411/ledBlink/STM32F411VETX_FLASH.ld" --specs=nosys.specs -Wl,-Map="ledBlink.map" -Wl,--gc-sections -static --specs=nano.specs -mfpu=fpv4-sp-d16 -mfloat-abi=hard -mthumb -Wl,--start-group -lc -lm -Wl,--end-group
Finished building target: ledBlink.elf
 
arm-none-eabi-objdump -h -S  ledBlink.elf  > "ledBlink.list"
arm-none-eabi-objcopy  -O binary  ledBlink.elf  "ledBlink.bin"
arm-none-eabi-size   ledBlink.elf 
   text	   data	    bss	    dec	    hex	filename
   7288	    124	   1604	   9016	   2338	ledBlink.elf
Finished building: default.size.stdout
 
Finished building: ledBlink.bin
 
Finished building: ledBlink.list
 
21:38:33 **** Incremental Build of configuration Debug for project ledBlink ****
make -j3 all 
arm-none-eabi-gcc "../Core/Src/main.c" -mcpu=cortex-m4 -std=gnu11 -g3 -DUSE_HAL_DRIVER -DSTM32F411xE -DDEBUG -c -I../Core/Inc -I../Drivers/STM32F4xx_HAL_Driver/Inc -I../Drivers/STM32F4xx_HAL_Driver/Inc/Legacy -I../Drivers/CMSIS/Device/ST/STM32F4xx/Include -I../Drivers/CMSIS/Include -O0 -ffunction-sections -fdata-sections -Wall -fstack-usage -MMD -MP -MF"Core/Src/main.d" -MT"Core/Src/main.o" --specs=nano.specs -mfpu=fpv4-sp-d16 -mfloat-abi=hard -mthumb -o "Core/Src/main.o"
arm-none-eabi-gcc -o "ledBlink.elf" @"objects.list"   -mcpu=cortex-m4 -T"/Users/202286/Documents/hersey/stm32f411/ledBlink/STM32F411VETX_FLASH.ld" --specs=nosys.specs -Wl,-Map="ledBlink.map" -Wl,--gc-sections -static --specs=nano.specs -mfpu=fpv4-sp-d16 -mfloat-abi=hard -mthumb -Wl,--start-group -lc -lm -Wl,--end-group
Finished building target: ledBlink.elf
 
arm-none-eabi-objdump -h -S  ledBlink.elf  > "ledBlink.list"
arm-none-eabi-objcopy  -O binary  ledBlink.elf  "ledBlink.bin"
arm-none-eabi-size   ledBlink.elf 
   text	   data	    bss	    dec	    hex	filename
   7288	    124	   1604	   9016	   2338	ledBlink.elf
Finished building: default.size.stdout
 
Finished building: ledBlink.bin
 
Finished building: ledBlink.list
 
21:39:57 **** Incremental Build of configuration Debug for project ledBlink ****
make -j3 all 
arm-none-eabi-size   ledBlink.elf 
   text	   data	    bss	    dec	    hex	filename
   7288	    124	   1604	   9016	   2338	ledBlink.elf
Finished building: default.size.stdout
 
21:40:08 **** Incremental Build of configuration Debug for project ledBlink ****
make -j3 all 
arm-none-eabi-size   ledBlink.elf 
   text	   data	    bss	    dec	    hex	filename
   7288	    124	   1604	   9016	   2338	ledBlink.elf
Finished building: default.size.stdout
 
21:40:53 **** Incremental Build of configuration Debug for project ledBlink ****
make -j3 all 
arm-none-eabi-size   ledBlink.elf 
   text	   data	    bss	    dec	    hex	filename
   7288	    124	   1604	   9016	   2338	ledBlink.elf
Finished building: default.size.stdout
 
21:43:28 **** Incremental Build of configuration Debug for project ledBlink ****
make -j3 all 
arm-none-eabi-size   ledBlink.elf 
   text	   data	    bss	    dec	    hex	filename
   7288	    124	   1604	   9016	   2338	ledBlink.elf
Finished building: default.size.stdout
 
21:43:49 **** Incremental Build of configuration Debug for project ledBlink ****
make -j3 all 
arm-none-eabi-size   ledBlink.elf 
   text	   data	    bss	    dec	    hex	filename
   7288	    124	   1604	   9016	   2338	ledBlink.elf
Finished building: default.size.stdout
 
21:55:54 **** Incremental Build of configuration Debug for project ledBlink ****
make -j3 all 
arm-none-eabi-gcc "../Core/Src/main.c" -mcpu=cortex-m4 -std=gnu11 -g3 -DUSE_HAL_DRIVER -DSTM32F411xE -DDEBUG -c -I../Core/Inc -I../Drivers/STM32F4xx_HAL_Driver/Inc -I../Drivers/STM32F4xx_HAL_Driver/Inc/Legacy -I../Drivers/CMSIS/Device/ST/STM32F4xx/Include -I../Drivers/CMSIS/Include -O0 -ffunction-sections -fdata-sections -Wall -fstack-usage -MMD -MP -MF"Core/Src/main.d" -MT"Core/Src/main.o" --specs=nano.specs -mfpu=fpv4-sp-d16 -mfloat-abi=hard -mthumb -o "Core/Src/main.o"
arm-none-eabi-gcc -o "ledBlink.elf" @"objects.list"   -mcpu=cortex-m4 -T"/Users/202286/Documents/hersey/stm32f411/ledBlink/STM32F411VETX_FLASH.ld" --specs=nosys.specs -Wl,-Map="ledBlink.map" -Wl,--gc-sections -static --specs=nano.specs -mfpu=fpv4-sp-d16 -mfloat-abi=hard -mthumb -Wl,--start-group -lc -lm -Wl,--end-group
Finished building target: ledBlink.elf
 
arm-none-eabi-objdump -h -S  ledBlink.elf  > "ledBlink.list"
arm-none-eabi-objcopy  -O binary  ledBlink.elf  "ledBlink.bin"
arm-none-eabi-size   ledBlink.elf 
   text	   data	    bss	    dec	    hex	filename
   7312	    124	   1604	   9040	   2350	ledBlink.elf
Finished building: default.size.stdout
Finished building: ledBlink.bin
 
 
Finished building: ledBlink.list
 
21:57:53 **** Incremental Build of configuration Debug for project ledBlink ****
make -j3 all 
arm-none-eabi-gcc "../Core/Src/main.c" -mcpu=cortex-m4 -std=gnu11 -g3 -DUSE_HAL_DRIVER -DSTM32F411xE -DDEBUG -c -I../Core/Inc -I../Drivers/STM32F4xx_HAL_Driver/Inc -I../Drivers/STM32F4xx_HAL_Driver/Inc/Legacy -I../Drivers/CMSIS/Device/ST/STM32F4xx/Include -I../Drivers/CMSIS/Include -O0 -ffunction-sections -fdata-sections -Wall -fstack-usage -MMD -MP -MF"Core/Src/main.d" -MT"Core/Src/main.o" --specs=nano.specs -mfpu=fpv4-sp-d16 -mfloat-abi=hard -mthumb -o "Core/Src/main.o"
arm-none-eabi-gcc -o "ledBlink.elf" @"objects.list"   -mcpu=cortex-m4 -T"/Users/202286/Documents/hersey/stm32f411/ledBlink/STM32F411VETX_FLASH.ld" --specs=nosys.specs -Wl,-Map="ledBlink.map" -Wl,--gc-sections -static --specs=nano.specs -mfpu=fpv4-sp-d16 -mfloat-abi=hard -mthumb -Wl,--start-group -lc -lm -Wl,--end-group
Finished building target: ledBlink.elf
 
arm-none-eabi-objdump -h -S  ledBlink.elf  > "ledBlink.list"
arm-none-eabi-objcopy  -O binary  ledBlink.elf  "ledBlink.bin"
arm-none-eabi-size   ledBlink.elf 
   text	   data	    bss	    dec	    hex	filename
   7304	    124	   1604	   9032	   2348	ledBlink.elf
Finished building: default.size.stdout
 
Finished building: ledBlink.bin
 
Finished building: ledBlink.list
 
21:59:50 **** Incremental Build of configuration Debug for project ledBlink ****
make -j3 all 
arm-none-eabi-gcc "../Core/Src/main.c" -mcpu=cortex-m4 -std=gnu11 -g3 -DUSE_HAL_DRIVER -DSTM32F411xE -DDEBUG -c -I../Core/Inc -I../Drivers/STM32F4xx_HAL_Driver/Inc -I../Drivers/STM32F4xx_HAL_Driver/Inc/Legacy -I../Drivers/CMSIS/Device/ST/STM32F4xx/Include -I../Drivers/CMSIS/Include -O0 -ffunction-sections -fdata-sections -Wall -fstack-usage -MMD -MP -MF"Core/Src/main.d" -MT"Core/Src/main.o" --specs=nano.specs -mfpu=fpv4-sp-d16 -mfloat-abi=hard -mthumb -o "Core/Src/main.o"
arm-none-eabi-gcc -o "ledBlink.elf" @"objects.list"   -mcpu=cortex-m4 -T"/Users/202286/Documents/hersey/stm32f411/ledBlink/STM32F411VETX_FLASH.ld" --specs=nosys.specs -Wl,-Map="ledBlink.map" -Wl,--gc-sections -static --specs=nano.specs -mfpu=fpv4-sp-d16 -mfloat-abi=hard -mthumb -Wl,--start-group -lc -lm -Wl,--end-group
Finished building target: ledBlink.elf
 
arm-none-eabi-objdump -h -S  ledBlink.elf  > "ledBlink.list"
arm-none-eabi-objcopy  -O binary  ledBlink.elf  "ledBlink.bin"
arm-none-eabi-size   ledBlink.elf 
   text	   data	    bss	    dec	    hex	filename
   7304	    124	   1604	   9032	   2348	ledBlink.elf
Finished building: default.size.stdout
 
Finished building: ledBlink.bin
 
Finished building: ledBlink.list
 
22:01:47 **** Incremental Build of configuration Debug for project ledBlink ****
make -j3 all 
arm-none-eabi-gcc "../Core/Src/main.c" -mcpu=cortex-m4 -std=gnu11 -g3 -DUSE_HAL_DRIVER -DSTM32F411xE -DDEBUG -c -I../Core/Inc -I../Drivers/STM32F4xx_HAL_Driver/Inc -I../Drivers/STM32F4xx_HAL_Driver/Inc/Legacy -I../Drivers/CMSIS/Device/ST/STM32F4xx/Include -I../Drivers/CMSIS/Include -O0 -ffunction-sections -fdata-sections -Wall -fstack-usage -MMD -MP -MF"Core/Src/main.d" -MT"Core/Src/main.o" --specs=nano.specs -mfpu=fpv4-sp-d16 -mfloat-abi=hard -mthumb -o "Core/Src/main.o"
arm-none-eabi-gcc -o "ledBlink.elf" @"objects.list"   -mcpu=cortex-m4 -T"/Users/202286/Documents/hersey/stm32f411/ledBlink/STM32F411VETX_FLASH.ld" --specs=nosys.specs -Wl,-Map="ledBlink.map" -Wl,--gc-sections -static --specs=nano.specs -mfpu=fpv4-sp-d16 -mfloat-abi=hard -mthumb -Wl,--start-group -lc -lm -Wl,--end-group
Finished building target: ledBlink.elf
 
arm-none-eabi-objdump -h -S  ledBlink.elf  > "ledBlink.list"
arm-none-eabi-objcopy  -O binary  ledBlink.elf  "ledBlink.bin"
arm-none-eabi-size   ledBlink.elf 
   text	   data	    bss	    dec	    hex	filename
   7304	    124	   1604	   9032	   2348	ledBlink.elf
Finished building: default.size.stdout
 
Finished building: ledBlink.bin
 
Finished building: ledBlink.list
 
22:12:18 **** Incremental Build of configuration Debug for project ledBlink ****
make -j3 all 
arm-none-eabi-gcc "../Core/Src/main.c" -mcpu=cortex-m4 -std=gnu11 -g3 -DUSE_HAL_DRIVER -DSTM32F411xE -DDEBUG -c -I../Core/Inc -I../Drivers/STM32F4xx_HAL_Driver/Inc -I../Drivers/STM32F4xx_HAL_Driver/Inc/Legacy -I../Drivers/CMSIS/Device/ST/STM32F4xx/Include -I../Drivers/CMSIS/Include -O0 -ffunction-sections -fdata-sections -Wall -fstack-usage -MMD -MP -MF"Core/Src/main.d" -MT"Core/Src/main.o" --specs=nano.specs -mfpu=fpv4-sp-d16 -mfloat-abi=hard -mthumb -o "Core/Src/main.o"
arm-none-eabi-gcc -o "ledBlink.elf" @"objects.list"   -mcpu=cortex-m4 -T"/Users/202286/Documents/hersey/stm32f411/ledBlink/STM32F411VETX_FLASH.ld" --specs=nosys.specs -Wl,-Map="ledBlink.map" -Wl,--gc-sections -static --specs=nano.specs -mfpu=fpv4-sp-d16 -mfloat-abi=hard -mthumb -Wl,--start-group -lc -lm -Wl,--end-group
Finished building target: ledBlink.elf
 
arm-none-eabi-objdump -h -S  ledBlink.elf  > "ledBlink.list"
arm-none-eabi-objcopy  -O binary  ledBlink.elf  "ledBlink.bin"
arm-none-eabi-size   ledBlink.elf 
   text	   data	    bss	    dec	    hex	filename
   7264	    124	   1604	   8992	   2320	ledBlink.elf
Finished building: default.size.stdout
 
Finished building: ledBlink.bin
 
Finished building: ledBlink.list
 
22:14:09 **** Incremental Build of configuration Debug for project ledBlink ****
make -j3 all 
arm-none-eabi-gcc "../Core/Src/main.c" -mcpu=cortex-m4 -std=gnu11 -g3 -DUSE_HAL_DRIVER -DSTM32F411xE -DDEBUG -c -I../Core/Inc -I../Drivers/STM32F4xx_HAL_Driver/Inc -I../Drivers/STM32F4xx_HAL_Driver/Inc/Legacy -I../Drivers/CMSIS/Device/ST/STM32F4xx/Include -I../Drivers/CMSIS/Include -O0 -ffunction-sections -fdata-sections -Wall -fstack-usage -MMD -MP -MF"Core/Src/main.d" -MT"Core/Src/main.o" --specs=nano.specs -mfpu=fpv4-sp-d16 -mfloat-abi=hard -mthumb -o "Core/Src/main.o"
arm-none-eabi-gcc -o "ledBlink.elf" @"objects.list"   -mcpu=cortex-m4 -T"/Users/202286/Documents/hersey/stm32f411/ledBlink/STM32F411VETX_FLASH.ld" --specs=nosys.specs -Wl,-Map="ledBlink.map" -Wl,--gc-sections -static --specs=nano.specs -mfpu=fpv4-sp-d16 -mfloat-abi=hard -mthumb -Wl,--start-group -lc -lm -Wl,--end-group
Finished building target: ledBlink.elf
 
arm-none-eabi-objdump -h -S  ledBlink.elf  > "ledBlink.list"
arm-none-eabi-objcopy  -O binary  ledBlink.elf  "ledBlink.bin"
arm-none-eabi-size   ledBlink.elf 
   text	   data	    bss	    dec	    hex	filename
   7280	    124	   1604	   9008	   2330	ledBlink.elf
Finished building: default.size.stdout
 
Finished building: ledBlink.bin
 
Finished building: ledBlink.list
 
22:14:45 **** Incremental Build of configuration Debug for project ledBlink ****
make -j3 all 
arm-none-eabi-gcc "../Core/Src/main.c" -mcpu=cortex-m4 -std=gnu11 -g3 -DUSE_HAL_DRIVER -DSTM32F411xE -DDEBUG -c -I../Core/Inc -I../Drivers/STM32F4xx_HAL_Driver/Inc -I../Drivers/STM32F4xx_HAL_Driver/Inc/Legacy -I../Drivers/CMSIS/Device/ST/STM32F4xx/Include -I../Drivers/CMSIS/Include -O0 -ffunction-sections -fdata-sections -Wall -fstack-usage -MMD -MP -MF"Core/Src/main.d" -MT"Core/Src/main.o" --specs=nano.specs -mfpu=fpv4-sp-d16 -mfloat-abi=hard -mthumb -o "Core/Src/main.o"
arm-none-eabi-gcc -o "ledBlink.elf" @"objects.list"   -mcpu=cortex-m4 -T"/Users/202286/Documents/hersey/stm32f411/ledBlink/STM32F411VETX_FLASH.ld" --specs=nosys.specs -Wl,-Map="ledBlink.map" -Wl,--gc-sections -static --specs=nano.specs -mfpu=fpv4-sp-d16 -mfloat-abi=hard -mthumb -Wl,--start-group -lc -lm -Wl,--end-group
Finished building target: ledBlink.elf
 
arm-none-eabi-objdump -h -S  ledBlink.elf  > "ledBlink.list"
arm-none-eabi-objcopy  -O binary  ledBlink.elf  "ledBlink.bin"
arm-none-eabi-size   ledBlink.elf 
   text	   data	    bss	    dec	    hex	filename
   7300	    124	   1604	   9028	   2344	ledBlink.elf
Finished building: default.size.stdout
 
Finished building: ledBlink.bin
 
Finished building: ledBlink.list
 
22:17:47 **** Incremental Build of configuration Debug for project ledBlink ****
make -j3 all 
arm-none-eabi-gcc "../Core/Src/main.c" -mcpu=cortex-m4 -std=gnu11 -g3 -DUSE_HAL_DRIVER -DSTM32F411xE -DDEBUG -c -I../Core/Inc -I../Drivers/STM32F4xx_HAL_Driver/Inc -I../Drivers/STM32F4xx_HAL_Driver/Inc/Legacy -I../Drivers/CMSIS/Device/ST/STM32F4xx/Include -I../Drivers/CMSIS/Include -O0 -ffunction-sections -fdata-sections -Wall -fstack-usage -MMD -MP -MF"Core/Src/main.d" -MT"Core/Src/main.o" --specs=nano.specs -mfpu=fpv4-sp-d16 -mfloat-abi=hard -mthumb -o "Core/Src/main.o"
arm-none-eabi-gcc -o "ledBlink.elf" @"objects.list"   -mcpu=cortex-m4 -T"/Users/202286/Documents/hersey/stm32f411/ledBlink/STM32F411VETX_FLASH.ld" --specs=nosys.specs -Wl,-Map="ledBlink.map" -Wl,--gc-sections -static --specs=nano.specs -mfpu=fpv4-sp-d16 -mfloat-abi=hard -mthumb -Wl,--start-group -lc -lm -Wl,--end-group
Finished building target: ledBlink.elf
 
arm-none-eabi-objdump -h -S  ledBlink.elf  > "ledBlink.list"
arm-none-eabi-objcopy  -O binary  ledBlink.elf  "ledBlink.bin"
arm-none-eabi-size   ledBlink.elf 
   text	   data	    bss	    dec	    hex	filename
   7296	    124	   1604	   9024	   2340	ledBlink.elf
Finished building: default.size.stdout
 
Finished building: ledBlink.bin
 
Finished building: ledBlink.list
 
22:18:14 **** Incremental Build of configuration Debug for project ledBlink ****
make -j3 all 
arm-none-eabi-gcc "../Core/Src/main.c" -mcpu=cortex-m4 -std=gnu11 -g3 -DUSE_HAL_DRIVER -DSTM32F411xE -DDEBUG -c -I../Core/Inc -I../Drivers/STM32F4xx_HAL_Driver/Inc -I../Drivers/STM32F4xx_HAL_Driver/Inc/Legacy -I../Drivers/CMSIS/Device/ST/STM32F4xx/Include -I../Drivers/CMSIS/Include -O0 -ffunction-sections -fdata-sections -Wall -fstack-usage -MMD -MP -MF"Core/Src/main.d" -MT"Core/Src/main.o" --specs=nano.specs -mfpu=fpv4-sp-d16 -mfloat-abi=hard -mthumb -o "Core/Src/main.o"
arm-none-eabi-gcc -o "ledBlink.elf" @"objects.list"   -mcpu=cortex-m4 -T"/Users/202286/Documents/hersey/stm32f411/ledBlink/STM32F411VETX_FLASH.ld" --specs=nosys.specs -Wl,-Map="ledBlink.map" -Wl,--gc-sections -static --specs=nano.specs -mfpu=fpv4-sp-d16 -mfloat-abi=hard -mthumb -Wl,--start-group -lc -lm -Wl,--end-group
Finished building target: ledBlink.elf
 
arm-none-eabi-objdump -h -S  ledBlink.elf  > "ledBlink.list"
arm-none-eabi-objcopy  -O binary  ledBlink.elf  "ledBlink.bin"
arm-none-eabi-size   ledBlink.elf 
   text	   data	    bss	    dec	    hex	filename
   7304	    124	   1604	   9032	   2348	ledBlink.elf
Finished building: default.size.stdout
 
Finished building: ledBlink.bin
 
Finished building: ledBlink.list
 
22:19:24 **** Incremental Build of configuration Debug for project ledBlink ****
make -j3 all 
arm-none-eabi-gcc "../Core/Src/main.c" -mcpu=cortex-m4 -std=gnu11 -g3 -DUSE_HAL_DRIVER -DSTM32F411xE -DDEBUG -c -I../Core/Inc -I../Drivers/STM32F4xx_HAL_Driver/Inc -I../Drivers/STM32F4xx_HAL_Driver/Inc/Legacy -I../Drivers/CMSIS/Device/ST/STM32F4xx/Include -I../Drivers/CMSIS/Include -O0 -ffunction-sections -fdata-sections -Wall -fstack-usage -MMD -MP -MF"Core/Src/main.d" -MT"Core/Src/main.o" --specs=nano.specs -mfpu=fpv4-sp-d16 -mfloat-abi=hard -mthumb -o "Core/Src/main.o"
arm-none-eabi-gcc -o "ledBlink.elf" @"objects.list"   -mcpu=cortex-m4 -T"/Users/202286/Documents/hersey/stm32f411/ledBlink/STM32F411VETX_FLASH.ld" --specs=nosys.specs -Wl,-Map="ledBlink.map" -Wl,--gc-sections -static --specs=nano.specs -mfpu=fpv4-sp-d16 -mfloat-abi=hard -mthumb -Wl,--start-group -lc -lm -Wl,--end-group
Finished building target: ledBlink.elf
 
arm-none-eabi-objdump -h -S  ledBlink.elf  > "ledBlink.list"
arm-none-eabi-objcopy  -O binary  ledBlink.elf  "ledBlink.bin"
arm-none-eabi-size   ledBlink.elf 
   text	   data	    bss	    dec	    hex	filename
   7304	    124	   1604	   9032	   2348	ledBlink.elf
Finished building: default.size.stdout
 
Finished building: ledBlink.bin
 
Finished building: ledBlink.list
 
22:26:24 **** Incremental Build of configuration Debug for project ledBlink ****
make -j3 all 
arm-none-eabi-gcc "../Core/Src/main.c" -mcpu=cortex-m4 -std=gnu11 -g3 -DUSE_HAL_DRIVER -DSTM32F411xE -DDEBUG -c -I../Core/Inc -I../Drivers/STM32F4xx_HAL_Driver/Inc -I../Drivers/STM32F4xx_HAL_Driver/Inc/Legacy -I../Drivers/CMSIS/Device/ST/STM32F4xx/Include -I../Drivers/CMSIS/Include -O0 -ffunction-sections -fdata-sections -Wall -fstack-usage -MMD -MP -MF"Core/Src/main.d" -MT"Core/Src/main.o" --specs=nano.specs -mfpu=fpv4-sp-d16 -mfloat-abi=hard -mthumb -o "Core/Src/main.o"
arm-none-eabi-gcc -o "ledBlink.elf" @"objects.list"   -mcpu=cortex-m4 -T"/Users/202286/Documents/hersey/stm32f411/ledBlink/STM32F411VETX_FLASH.ld" --specs=nosys.specs -Wl,-Map="ledBlink.map" -Wl,--gc-sections -static --specs=nano.specs -mfpu=fpv4-sp-d16 -mfloat-abi=hard -mthumb -Wl,--start-group -lc -lm -Wl,--end-group
Finished building target: ledBlink.elf
 
arm-none-eabi-objdump -h -S  ledBlink.elf  > "ledBlink.list"
arm-none-eabi-objcopy  -O binary  ledBlink.elf  "ledBlink.bin"
arm-none-eabi-size   ledBlink.elf 
   text	   data	    bss	    dec	    hex	filename
   7304	    124	   1604	   9032	   2348	ledBlink.elf
Finished building: default.size.stdout
 
Finished building: ledBlink.bin
 
Finished building: ledBlink.list
 
09:02:22 **** Incremental Build of configuration Debug for project ledBlink ****
make -j3 all 
arm-none-eabi-gcc "../Core/Src/main.c" -mcpu=cortex-m4 -std=gnu11 -g3 -DUSE_HAL_DRIVER -DSTM32F411xE -DDEBUG -c -I../Core/Inc -I../Drivers/STM32F4xx_HAL_Driver/Inc -I../Drivers/STM32F4xx_HAL_Driver/Inc/Legacy -I../Drivers/CMSIS/Device/ST/STM32F4xx/Include -I../Drivers/CMSIS/Include -O0 -ffunction-sections -fdata-sections -Wall -fstack-usage -MMD -MP -MF"Core/Src/main.d" -MT"Core/Src/main.o" --specs=nano.specs -mfpu=fpv4-sp-d16 -mfloat-abi=hard -mthumb -o "Core/Src/main.o"
[...]
arm-none-eabi-gcc -o "ledBlink.elf" @"objects.list"   -mcpu=cortex-m4 -T"/Users/202286/Documents/hersey/stm32f411/ledBlink/STM32F411VETX_FLASH.ld" --specs=nosys.specs -Wl,-Map="ledBlink.map" -Wl,--gc-sections -static --specs=nano.specs -mfpu=fpv4-sp-d16 -mfloat-abi=hard -mthumb -Wl,--start-group -lc -lm -Wl,--end-group
Finished building target: ledBlink.elf
 
arm-none-eabi-objdump -h -S  ledBlink.elf  > "ledBlink.list"
arm-none-eabi-objcopy  -O binary  ledBlink.elf  "ledBlink.bin"
arm-none-eabi-size   ledBlink.elf 
   text	   data	    bss	    dec	    hex	filename
   6060	     20	   1580	   7660	   1dec	ledBlink.elf
Finished building: default.size.stdout
 
Finished building: ledBlink.bin
 
Finished building: ledBlink.list
 
14:23:45 **** Incremental Build of configuration Debug for project ledBlink ****
make -j3 all 
arm-none-eabi-gcc "../Core/Src/main.c" -mcpu=cortex-m4 -std=gnu11 -g3 -DUSE_HAL_DRIVER -DSTM32F411xE -DDEBUG -c -I../Core/Inc -I../Drivers/STM32F4xx_HAL_Driver/Inc -I../Drivers/STM32F4xx_HAL_Driver/Inc/Legacy -I../Drivers/CMSIS/Device/ST/STM32F4xx/Include -I../Drivers/CMSIS/Include -O0 -ffunction-sections -fdata-sections -Wall -fstack-usage -MMD -MP -MF"Core/Src/main.d" -MT"Core/Src/main.o" --specs=nano.specs -mfpu=fpv4-sp-d16 -mfloat-abi=hard -mthumb -o "Core/Src/main.o"
arm-none-eabi-gcc -o "ledBlink.elf" @"objects.list"   -mcpu=cortex-m4 -T"/Users/202286/Documents/hersey/stm32f411/ledBlink/STM32F411VETX_FLASH.ld" --specs=nosys.specs -Wl,-Map="ledBlink.map" -Wl,--gc-sections -static --specs=nano.specs -mfpu=fpv4-sp-d16 -mfloat-abi=hard -mthumb -Wl,--start-group -lc -lm -Wl,--end-group
Finished building target: ledBlink.elf
 
arm-none-eabi-objdump -h -S  ledBlink.elf  > "ledBlink.list"
arm-none-eabi-objcopy  -O binary  ledBlink.elf  "ledBlink.bin"
arm-none-eabi-size   ledBlink.elf 
   text	   data	    bss	    dec	    hex	filename
   6056	     20	   1580	   7656	   1de8	ledBlink.elf
Finished building: default.size.stdout
 
Finished building: ledBlink.bin
 
Finished building: ledBlink.list
 
14:25:20 **** Incremental Build of configuration Debug for project ledBlink ****
make -j3 all 
arm-none-eabi-gcc "../Core/Src/main.c" -mcpu=cortex-m4 -std=gnu11 -g3 -DUSE_HAL_DRIVER -DSTM32F411xE -DDEBUG -c -I../Core/Inc -I../Drivers/STM32F4xx_HAL_Driver/Inc -I../Drivers/STM32F4xx_HAL_Driver/Inc/Legacy -I../Drivers/CMSIS/Device/ST/STM32F4xx/Include -I../Drivers/CMSIS/Include -O0 -ffunction-sections -fdata-sections -Wall -fstack-usage -MMD -MP -MF"Core/Src/main.d" -MT"Core/Src/main.o" --specs=nano.specs -mfpu=fpv4-sp-d16 -mfloat-abi=hard -mthumb -o "Core/Src/main.o"
arm-none-eabi-gcc -o "ledBlink.elf" @"objects.list"   -mcpu=cortex-m4 -T"/Users/202286/Documents/hersey/stm32f411/ledBlink/STM32F411VETX_FLASH.ld" --specs=nosys.specs -Wl,-Map="ledBlink.map" -Wl,--gc-sections -static --specs=nano.specs -mfpu=fpv4-sp-d16 -mfloat-abi=hard -mthumb -Wl,--start-group -lc -lm -Wl,--end-group
Finished building target: ledBlink.elf
 
arm-none-eabi-objdump -h -S  ledBlink.elf  > "ledBlink.list"
arm-none-eabi-objcopy  -O binary  ledBlink.elf  "ledBlink.bin"
arm-none-eabi-size   ledBlink.elf 
   text	   data	    bss	    dec	    hex	filename
   6056	     20	   1580	   7656	   1de8	ledBlink.elf
Finished building: default.size.stdout
Finished building: ledBlink.bin
 
 
Finished building: ledBlink.list
 
14:28:04 **** Incremental Build of configuration Debug for project ledBlink ****
make -j3 all 
arm-none-eabi-gcc "../Core/Src/main.c" -mcpu=cortex-m4 -std=gnu11 -g3 -DUSE_HAL_DRIVER -DSTM32F411xE -DDEBUG -c -I../Core/Inc -I../Drivers/STM32F4xx_HAL_Driver/Inc -I../Drivers/STM32F4xx_HAL_Driver/Inc/Legacy -I../Drivers/CMSIS/Device/ST/STM32F4xx/Include -I../Drivers/CMSIS/Include -O0 -ffunction-sections -fdata-sections -Wall -fstack-usage -MMD -MP -MF"Core/Src/main.d" -MT"Core/Src/main.o" --specs=nano.specs -mfpu=fpv4-sp-d16 -mfloat-abi=hard -mthumb -o "Core/Src/main.o"
arm-none-eabi-gcc -o "ledBlink.elf" @"objects.list"   -mcpu=cortex-m4 -T"/Users/202286/Documents/hersey/stm32f411/ledBlink/STM32F411VETX_FLASH.ld" --specs=nosys.specs -Wl,-Map="ledBlink.map" -Wl,--gc-sections -static --specs=nano.specs -mfpu=fpv4-sp-d16 -mfloat-abi=hard -mthumb -Wl,--start-group -lc -lm -Wl,--end-group
Finished building target: ledBlink.elf
 
arm-none-eabi-objdump -h -S  ledBlink.elf  > "ledBlink.list"
arm-none-eabi-objcopy  -O binary  ledBlink.elf  "ledBlink.bin"
arm-none-eabi-size   ledBlink.elf 
   text	   data	    bss	    dec	    hex	filename
   6012	     20	   1580	   7612	   1dbc	ledBlink.elf
Finished building: default.size.stdout
 
Finished building: ledBlink.bin
 
Finished building: ledBlink.list
 
14:29:32 **** Incremental Build of configuration Debug for project ledBlink ****
make -j3 all 
arm-none-eabi-gcc "../Core/Src/main.c" -mcpu=cortex-m4 -std=gnu11 -g3 -DUSE_HAL_DRIVER -DSTM32F411xE -DDEBUG -c -I../Core/Inc -I../Drivers/STM32F4xx_HAL_Driver/Inc -I../Drivers/STM32F4xx_HAL_Driver/Inc/Legacy -I../Drivers/CMSIS/Device/ST/STM32F4xx/Include -I../Drivers/CMSIS/Include -O0 -ffunction-sections -fdata-sections -Wall -fstack-usage -MMD -MP -MF"Core/Src/main.d" -MT"Core/Src/main.o" --specs=nano.specs -mfpu=fpv4-sp-d16 -mfloat-abi=hard -mthumb -o "Core/Src/main.o"
arm-none-eabi-gcc -o "ledBlink.elf" @"objects.list"   -mcpu=cortex-m4 -T"/Users/202286/Documents/hersey/stm32f411/ledBlink/STM32F411VETX_FLASH.ld" --specs=nosys.specs -Wl,-Map="ledBlink.map" -Wl,--gc-sections -static --specs=nano.specs -mfpu=fpv4-sp-d16 -mfloat-abi=hard -mthumb -Wl,--start-group -lc -lm -Wl,--end-group
Finished building target: ledBlink.elf
 
arm-none-eabi-objdump -h -S  ledBlink.elf  > "ledBlink.list"
arm-none-eabi-objcopy  -O binary  ledBlink.elf  "ledBlink.bin"
arm-none-eabi-size   ledBlink.elf 
   text	   data	    bss	    dec	    hex	filename
   5904	     20	   1580	   7504	   1d50	ledBlink.elf
Finished building: default.size.stdout
 
Finished building: ledBlink.bin
 
Finished building: ledBlink.list
 
14:37:00 **** Incremental Build of configuration Debug for project ledBlink ****
make -j3 all 
arm-none-eabi-gcc "../Core/Src/main.c" -mcpu=cortex-m4 -std=gnu11 -g3 -DUSE_HAL_DRIVER -DSTM32F411xE -DDEBUG -c -I../Core/Inc -I../Drivers/STM32F4xx_HAL_Driver/Inc -I../Drivers/STM32F4xx_HAL_Driver/Inc/Legacy -I../Drivers/CMSIS/Device/ST/STM32F4xx/Include -I../Drivers/CMSIS/Include -O0 -ffunction-sections -fdata-sections -Wall -fstack-usage -MMD -MP -MF"Core/Src/main.d" -MT"Core/Src/main.o" --specs=nano.specs -mfpu=fpv4-sp-d16 -mfloat-abi=hard -mthumb -o "Core/Src/main.o"
arm-none-eabi-gcc -o "ledBlink.elf" @"objects.list"   -mcpu=cortex-m4 -T"/Users/202286/Documents/hersey/stm32f411/ledBlink/STM32F411VETX_FLASH.ld" --specs=nosys.specs -Wl,-Map="ledBlink.map" -Wl,--gc-sections -static --specs=nano.specs -mfpu=fpv4-sp-d16 -mfloat-abi=hard -mthumb -Wl,--start-group -lc -lm -Wl,--end-group
Finished building target: ledBlink.elf
 
arm-none-eabi-objdump -h -S  ledBlink.elf  > "ledBlink.list"
arm-none-eabi-objcopy  -O binary  ledBlink.elf  "ledBlink.bin"
arm-none-eabi-size   ledBlink.elf 
   text	   data	    bss	    dec	    hex	filename
   6056	     20	   1684	   7760	   1e50	ledBlink.elf
Finished building: default.size.stdout
 
Finished building: ledBlink.bin
 
Finished building: ledBlink.list
 
14:38:53 **** Incremental Build of configuration Debug for project ledBlink ****
make -j3 all 
arm-none-eabi-gcc "../Core/Src/main.c" -mcpu=cortex-m4 -std=gnu11 -g3 -DUSE_HAL_DRIVER -DSTM32F411xE -DDEBUG -c -I../Core/Inc -I../Drivers/STM32F4xx_HAL_Driver/Inc -I../Drivers/STM32F4xx_HAL_Driver/Inc/Legacy -I../Drivers/CMSIS/Device/ST/STM32F4xx/Include -I../Drivers/CMSIS/Include -O0 -ffunction-sections -fdata-sections -Wall -fstack-usage -MMD -MP -MF"Core/Src/main.d" -MT"Core/Src/main.o" --specs=nano.specs -mfpu=fpv4-sp-d16 -mfloat-abi=hard -mthumb -o "Core/Src/main.o"
arm-none-eabi-gcc -o "ledBlink.elf" @"objects.list"   -mcpu=cortex-m4 -T"/Users/202286/Documents/hersey/stm32f411/ledBlink/STM32F411VETX_FLASH.ld" --specs=nosys.specs -Wl,-Map="ledBlink.map" -Wl,--gc-sections -static --specs=nano.specs -mfpu=fpv4-sp-d16 -mfloat-abi=hard -mthumb -Wl,--start-group -lc -lm -Wl,--end-group
Finished building target: ledBlink.elf
 
arm-none-eabi-objdump -h -S  ledBlink.elf  > "ledBlink.list"
arm-none-eabi-objcopy  -O binary  ledBlink.elf  "ledBlink.bin"
arm-none-eabi-size   ledBlink.elf 
   text	   data	    bss	    dec	    hex	filename
   6056	     20	   1684	   7760	   1e50	ledBlink.elf
Finished building: default.size.stdout
 
Finished building: ledBlink.bin
 
Finished building: ledBlink.list
 
14:57:59 **** Incremental Build of configuration Debug for project ledBlink ****
make -j3 all 
arm-none-eabi-gcc "../Core/Src/main.c" -mcpu=cortex-m4 -std=gnu11 -g3 -DUSE_HAL_DRIVER -DSTM32F411xE -DDEBUG -c -I../Core/Inc -I../Drivers/STM32F4xx_HAL_Driver/Inc -I../Drivers/STM32F4xx_HAL_Driver/Inc/Legacy -I../Drivers/CMSIS/Device/ST/STM32F4xx/Include -I../Drivers/CMSIS/Include -O0 -ffunction-sections -fdata-sections -Wall -fstack-usage -MMD -MP -MF"Core/Src/main.d" -MT"Core/Src/main.o" --specs=nano.specs -mfpu=fpv4-sp-d16 -mfloat-abi=hard -mthumb -o "Core/Src/main.o"
../Core/Src/main.c: In function 'main':
../Core/Src/main.c:175:6: error: 'releaseDuration' undeclared (first use in this function); did you mean 'releasedDuration'?
  175 |   if(releaseDuration > 2000){
      |      ^~~~~~~~~~~~~~~
      |      releasedDuration
../Core/Src/main.c:175:6: note: each undeclared identifier is reported only once for each function it appears in
make: *** [Core/Src/subdir.mk:34: Core/Src/main.o] Error 1
"make -j3 all" terminated with exit code 2. Build might be incomplete.
14:58:16 **** Incremental Build of configuration Debug for project ledBlink ****
make -j3 all 
arm-none-eabi-gcc "../Core/Src/main.c" -mcpu=cortex-m4 -std=gnu11 -g3 -DUSE_HAL_DRIVER -DSTM32F411xE -DDEBUG -c -I../Core/Inc -I../Drivers/STM32F4xx_HAL_Driver/Inc -I../Drivers/STM32F4xx_HAL_Driver/Inc/Legacy -I../Drivers/CMSIS/Device/ST/STM32F4xx/Include -I../Drivers/CMSIS/Include -O0 -ffunction-sections -fdata-sections -Wall -fstack-usage -MMD -MP -MF"Core/Src/main.d" -MT"Core/Src/main.o" --specs=nano.specs -mfpu=fpv4-sp-d16 -mfloat-abi=hard -mthumb -o "Core/Src/main.o"
arm-none-eabi-gcc -o "ledBlink.elf" @"objects.list"   -mcpu=cortex-m4 -T"/Users/202286/Documents/hersey/stm32f411/ledBlink/STM32F411VETX_FLASH.ld" --specs=nosys.specs -Wl,-Map="ledBlink.map" -Wl,--gc-sections -static --specs=nano.specs -mfpu=fpv4-sp-d16 -mfloat-abi=hard -mthumb -Wl,--start-group -lc -lm -Wl,--end-group
Finished building target: ledBlink.elf
 
arm-none-eabi-objdump -h -S  ledBlink.elf  > "ledBlink.list"
arm-none-eabi-objcopy  -O binary  ledBlink.elf  "ledBlink.bin"
arm-none-eabi-size   ledBlink.elf 
   text	   data	    bss	    dec	    hex	filename
   6108	     20	   1684	   7812	   1e84	ledBlink.elf
Finished building: default.size.stdout
 
Finished building: ledBlink.bin
 
Finished building: ledBlink.list
 
15:04:57 **** Incremental Build of configuration Debug for project ledBlink ****
make -j3 all 
arm-none-eabi-gcc "../Core/Src/main.c" -mcpu=cortex-m4 -std=gnu11 -g3 -DUSE_HAL_DRIVER -DSTM32F411xE -DDEBUG -c -I../Core/Inc -I../Drivers/STM32F4xx_HAL_Driver/Inc -I../Drivers/STM32F4xx_HAL_Driver/Inc/Legacy -I../Drivers/CMSIS/Device/ST/STM32F4xx/Include -I../Drivers/CMSIS/Include -O0 -ffunction-sections -fdata-sections -Wall -fstack-usage -MMD -MP -MF"Core/Src/main.d" -MT"Core/Src/main.o" --specs=nano.specs -mfpu=fpv4-sp-d16 -mfloat-abi=hard -mthumb -o "Core/Src/main.o"
arm-none-eabi-gcc -o "ledBlink.elf" @"objects.list"   -mcpu=cortex-m4 -T"/Users/202286/Documents/hersey/stm32f411/ledBlink/STM32F411VETX_FLASH.ld" --specs=nosys.specs -Wl,-Map="ledBlink.map" -Wl,--gc-sections -static --specs=nano.specs -mfpu=fpv4-sp-d16 -mfloat-abi=hard -mthumb -Wl,--start-group -lc -lm -Wl,--end-group
Finished building target: ledBlink.elf
 
arm-none-eabi-objdump -h -S  ledBlink.elf  > "ledBlink.list"
arm-none-eabi-objcopy  -O binary  ledBlink.elf  "ledBlink.bin"
arm-none-eabi-size   ledBlink.elf 
   text	   data	    bss	    dec	    hex	filename
   6316	     20	   1684	   8020	   1f54	ledBlink.elf
Finished building: default.size.stdout
 
Finished building: ledBlink.bin
 
Finished building: ledBlink.list
 
15:07:44 **** Incremental Build of configuration Debug for project ledBlink ****
make -j3 all 
arm-none-eabi-gcc "../Core/Src/main.c" -mcpu=cortex-m4 -std=gnu11 -g3 -DUSE_HAL_DRIVER -DSTM32F411xE -DDEBUG -c -I../Core/Inc -I../Drivers/STM32F4xx_HAL_Driver/Inc -I../Drivers/STM32F4xx_HAL_Driver/Inc/Legacy -I../Drivers/CMSIS/Device/ST/STM32F4xx/Include -I../Drivers/CMSIS/Include -O0 -ffunction-sections -fdata-sections -Wall -fstack-usage -MMD -MP -MF"Core/Src/main.d" -MT"Core/Src/main.o" --specs=nano.specs -mfpu=fpv4-sp-d16 -mfloat-abi=hard -mthumb -o "Core/Src/main.o"
arm-none-eabi-gcc -o "ledBlink.elf" @"objects.list"   -mcpu=cortex-m4 -T"/Users/202286/Documents/hersey/stm32f411/ledBlink/STM32F411VETX_FLASH.ld" --specs=nosys.specs -Wl,-Map="ledBlink.map" -Wl,--gc-sections -static --specs=nano.specs -mfpu=fpv4-sp-d16 -mfloat-abi=hard -mthumb -Wl,--start-group -lc -lm -Wl,--end-group
Finished building target: ledBlink.elf
 
arm-none-eabi-objdump -h -S  ledBlink.elf  > "ledBlink.list"
arm-none-eabi-objcopy  -O binary  ledBlink.elf  "ledBlink.bin"
arm-none-eabi-size   ledBlink.elf 
   text	   data	    bss	    dec	    hex	filename
   6328	     20	   1684	   8032	   1f60	ledBlink.elf
Finished building: default.size.stdout
 
Finished building: ledBlink.bin
 
Finished building: ledBlink.list
 
15:11:42 **** Incremental Build of configuration Debug for project ledBlink ****
make -j3 all 
arm-none-eabi-gcc "../Core/Src/main.c" -mcpu=cortex-m4 -std=gnu11 -g3 -DUSE_HAL_DRIVER -DSTM32F411xE -DDEBUG -c -I../Core/Inc -I../Drivers/STM32F4xx_HAL_Driver/Inc -I../Drivers/STM32F4xx_HAL_Driver/Inc/Legacy -I../Drivers/CMSIS/Device/ST/STM32F4xx/Include -I../Drivers/CMSIS/Include -O0 -ffunction-sections -fdata-sections -Wall -fstack-usage -MMD -MP -MF"Core/Src/main.d" -MT"Core/Src/main.o" --specs=nano.specs -mfpu=fpv4-sp-d16 -mfloat-abi=hard -mthumb -o "Core/Src/main.o"
arm-none-eabi-gcc -o "ledBlink.elf" @"objects.list"   -mcpu=cortex-m4 -T"/Users/202286/Documents/hersey/stm32f411/ledBlink/STM32F411VETX_FLASH.ld" --specs=nosys.specs -Wl,-Map="ledBlink.map" -Wl,--gc-sections -static --specs=nano.specs -mfpu=fpv4-sp-d16 -mfloat-abi=hard -mthumb -Wl,--start-group -lc -lm -Wl,--end-group
Finished building target: ledBlink.elf
 
arm-none-eabi-objdump -h -S  ledBlink.elf  > "ledBlink.list"
arm-none-eabi-objcopy  -O binary  ledBlink.elf  "ledBlink.bin"
arm-none-eabi-size   ledBlink.elf 
   text	   data	    bss	    dec	    hex	filename
   6340	     20	   1684	   8044	   1f6c	ledBlink.elf
Finished building: default.size.stdout
 
Finished building: ledBlink.bin
 
Finished building: ledBlink.list
 
15:19:53 **** Incremental Build of configuration Debug for project ledBlink ****
make -j3 all 
arm-none-eabi-gcc "../Core/Src/main.c" -mcpu=cortex-m4 -std=gnu11 -g3 -DUSE_HAL_DRIVER -DSTM32F411xE -DDEBUG -c -I../Core/Inc -I../Drivers/STM32F4xx_HAL_Driver/Inc -I../Drivers/STM32F4xx_HAL_Driver/Inc/Legacy -I../Drivers/CMSIS/Device/ST/STM32F4xx/Include -I../Drivers/CMSIS/Include -O0 -ffunction-sections -fdata-sections -Wall -fstack-usage -MMD -MP -MF"Core/Src/main.d" -MT"Core/Src/main.o" --specs=nano.specs -mfpu=fpv4-sp-d16 -mfloat-abi=hard -mthumb -o "Core/Src/main.o"
../Core/Src/main.c: In function 'main':
../Core/Src/main.c:187:55: error: 'GPIOA_PIN_0' undeclared (first use in this function); did you mean 'GPIO_PIN_0'?
  187 |   while(outputIndex != -1 && !HAL_GPIO_ReadPin(GPIOA, GPIOA_PIN_0)){
      |                                                       ^~~~~~~~~~~
      |                                                       GPIO_PIN_0
../Core/Src/main.c:187:55: note: each undeclared identifier is reported only once for each function it appears in
make: *** [Core/Src/subdir.mk:34: Core/Src/main.o] Error 1
"make -j3 all" terminated with exit code 2. Build might be incomplete.
15:20:10 **** Incremental Build of configuration Debug for project ledBlink ****
make -j3 all 
arm-none-eabi-gcc "../Core/Src/main.c" -mcpu=cortex-m4 -std=gnu11 -g3 -DUSE_HAL_DRIVER -DSTM32F411xE -DDEBUG -c -I../Core/Inc -I../Drivers/STM32F4xx_HAL_Driver/Inc -I../Drivers/STM32F4xx_HAL_Driver/Inc/Legacy -I../Drivers/CMSIS/Device/ST/STM32F4xx/Include -I../Drivers/CMSIS/Include -O0 -ffunction-sections -fdata-sections -Wall -fstack-usage -MMD -MP -MF"Core/Src/main.d" -MT"Core/Src/main.o" --specs=nano.specs -mfpu=fpv4-sp-d16 -mfloat-abi=hard -mthumb -o "Core/Src/main.o"
arm-none-eabi-gcc -o "ledBlink.elf" @"objects.list"   -mcpu=cortex-m4 -T"/Users/202286/Documents/hersey/stm32f411/ledBlink/STM32F411VETX_FLASH.ld" --specs=nosys.specs -Wl,-Map="ledBlink.map" -Wl,--gc-sections -static --specs=nano.specs -mfpu=fpv4-sp-d16 -mfloat-abi=hard -mthumb -Wl,--start-group -lc -lm -Wl,--end-group
Finished building target: ledBlink.elf
 
arm-none-eabi-objdump -h -S  ledBlink.elf  > "ledBlink.list"
arm-none-eabi-objcopy  -O binary  ledBlink.elf  "ledBlink.bin"
arm-none-eabi-size   ledBlink.elf 
   text	   data	    bss	    dec	    hex	filename
   6392	     20	   1684	   8096	   1fa0	ledBlink.elf
Finished building: default.size.stdout
 
Finished building: ledBlink.bin
 
Finished building: ledBlink.list
 
15:27:27 **** Incremental Build of configuration Debug for project ledBlink ****
make -j3 all 
arm-none-eabi-gcc "../Core/Src/main.c" -mcpu=cortex-m4 -std=gnu11 -g3 -DUSE_HAL_DRIVER -DSTM32F411xE -DDEBUG -c -I../Core/Inc -I../Drivers/STM32F4xx_HAL_Driver/Inc -I../Drivers/STM32F4xx_HAL_Driver/Inc/Legacy -I../Drivers/CMSIS/Device/ST/STM32F4xx/Include -I../Drivers/CMSIS/Include -O0 -ffunction-sections -fdata-sections -Wall -fstack-usage -MMD -MP -MF"Core/Src/main.d" -MT"Core/Src/main.o" --specs=nano.specs -mfpu=fpv4-sp-d16 -mfloat-abi=hard -mthumb -o "Core/Src/main.o"
arm-none-eabi-gcc -o "ledBlink.elf" @"objects.list"   -mcpu=cortex-m4 -T"/Users/202286/Documents/hersey/stm32f411/ledBlink/STM32F411VETX_FLASH.ld" --specs=nosys.specs -Wl,-Map="ledBlink.map" -Wl,--gc-sections -static --specs=nano.specs -mfpu=fpv4-sp-d16 -mfloat-abi=hard -mthumb -Wl,--start-group -lc -lm -Wl,--end-group
Finished building target: ledBlink.elf
 
arm-none-eabi-objdump -h -S  ledBlink.elf  > "ledBlink.list"
arm-none-eabi-objcopy  -O binary  ledBlink.elf  "ledBlink.bin"
arm-none-eabi-size   ledBlink.elf 
   text	   data	    bss	    dec	    hex	filename
   6388	     20	   1684	   8092	   1f9c	ledBlink.elf
Finished building: default.size.stdout
 
Finished building: ledBlink.bin
 
Finished building: ledBlink.list
 
15:34:58 **** Incremental Build of configuration Debug for project ledBlink ****
make -j3 all 
arm-none-eabi-gcc "../Core/Src/main.c" -mcpu=cortex-m4 -std=gnu11 -g3 -DUSE_HAL_DRIVER -DSTM32F411xE -DDEBUG -c -I../Core/Inc -I../Drivers/STM32F4xx_HAL_Driver/Inc -I../Drivers/STM32F4xx_HAL_Driver/Inc/Legacy -I../Drivers/CMSIS/Device/ST/STM32F4xx/Include -I../Drivers/CMSIS/Include -O0 -ffunction-sections -fdata-sections -Wall -fstack-usage -MMD -MP -MF"Core/Src/main.d" -MT"Core/Src/main.o" --specs=nano.specs -mfpu=fpv4-sp-d16 -mfloat-abi=hard -mthumb -o "Core/Src/main.o"
arm-none-eabi-gcc -o "ledBlink.elf" @"objects.list"   -mcpu=cortex-m4 -T"/Users/202286/Documents/hersey/stm32f411/ledBlink/STM32F411VETX_FLASH.ld" --specs=nosys.specs -Wl,-Map="ledBlink.map" -Wl,--gc-sections -static --specs=nano.specs -mfpu=fpv4-sp-d16 -mfloat-abi=hard -mthumb -Wl,--start-group -lc -lm -Wl,--end-group
Finished building target: ledBlink.elf
 
arm-none-eabi-objdump -h -S  ledBlink.elf  > "ledBlink.list"
arm-none-eabi-objcopy  -O binary  ledBlink.elf  "ledBlink.bin"
arm-none-eabi-size   ledBlink.elf 
   text	   data	    bss	    dec	    hex	filename
   6508	     20	   1684	   8212	   2014	ledBlink.elf
Finished building: default.size.stdout
 
Finished building: ledBlink.bin
 
Finished building: ledBlink.list
 
